 CryptoBenchmark

 Timestamp is 68355128 (Tue May 27 15:44:08 2025)

 Preferred load address is 0000000140000000

 Start         Length     Name                   Class
 0001:00000000 00010000H .textbss                DATA
 0002:00000000 00012c30H .text$mn                CODE
 0002:00012c30 00001040H .text$mn$00             CODE
 0002:00013c70 00001193H .text$x                 CODE
 0003:00000000 00000110H .CRT$XCA                DATA
 0003:00000110 00000110H .CRT$XCAA               DATA
 0003:00000220 00000110H .CRT$XCZ                DATA
 0003:00000330 00000110H .CRT$XIA                DATA
 0003:00000440 00000110H .CRT$XIAA               DATA
 0003:00000550 00000110H .CRT$XIAC               DATA
 0003:00000660 00000110H .CRT$XIZ                DATA
 0003:00000770 00000110H .CRT$XPA                DATA
 0003:00000880 00000110H .CRT$XPZ                DATA
 0003:00000990 00000110H .CRT$XTA                DATA
 0003:00000aa0 00000110H .CRT$XTZ                DATA
 0003:00000bb0 000022d0H .rdata                  DATA
 0003:00002e80 00000200H .rdata$CastGuardVftablesA DATA
 0003:00003080 0000019cH .rdata$CastGuardVftablesC DATA
 0003:0000321c 0000017cH .rdata$zzzdbg           DATA
 0003:00003398 00000110H .rtc$IAA                DATA
 0003:000034a8 00000178H .rtc$IMZ                DATA
 0003:00003620 00000110H .rtc$IZZ                DATA
 0003:00003730 00000110H .rtc$TAA                DATA
 0003:00003840 00000178H .rtc$TMZ                DATA
 0003:000039b8 00000110H .rtc$TZZ                DATA
 0003:00003ac8 000012faH .xdata                  DATA
 0003:00004dc2 00000000H .edata                  DATA
 0004:00000000 00000250H .data                   DATA
 0004:00000250 000007a0H .bss                    DATA
 0005:00000000 00002778H .pdata                  DATA
 0006:00000000 00000540H .idata$5                DATA
 0006:00000540 00000064H .idata$2                DATA
 0006:000005a4 00000014H .idata$3                DATA
 0006:000005b8 00000540H .idata$4                DATA
 0006:00000af8 00000c81H .idata$6                DATA
 0007:00000000 000002f2H .msvcjmc                DATA
 0008:00000000 00000175H .00cfg                  DATA
 0009:00000000 00000170H .rsrc$01                DATA
 0009:00000170 000002ccH .rsrc$02                DATA

  Address         Publics by Value              Rva+Base               Lib:Object

 0000:00000000       __AbsoluteZero             0000000000000000     <absolute>
 0000:00000000       ___safe_se_handler_count   0000000000000000     <absolute>
 0000:00000000       ___safe_se_handler_table   0000000000000000     <absolute>
 0000:00000000       __arm64x_extra_rfe_table   0000000000000000     <absolute>
 0000:00000000       __arm64x_extra_rfe_table_size 0000000000000000     <absolute>
 0000:00000000       __arm64x_native_entrypoint 0000000000000000     <absolute>
 0000:00000000       __arm64x_redirection_metadata 0000000000000000     <absolute>
 0000:00000000       __arm64x_redirection_metadata_count 0000000000000000     <absolute>
 0000:00000000       __dynamic_value_reloc_table 0000000000000000     <absolute>
 0000:00000000       __enclave_config           0000000000000000     <absolute>
 0000:00000000       __guard_check_icall_a64n_fptr 0000000000000000     <absolute>
 0000:00000000       __guard_eh_cont_count      0000000000000000     <absolute>
 0000:00000000       __guard_eh_cont_table      0000000000000000     <absolute>
 0000:00000000       __guard_fids_count         0000000000000000     <absolute>
 0000:00000000       __guard_fids_table         0000000000000000     <absolute>
 0000:00000000       __guard_iat_count          0000000000000000     <absolute>
 0000:00000000       __guard_iat_table          0000000000000000     <absolute>
 0000:00000000       __guard_longjmp_count      0000000000000000     <absolute>
 0000:00000000       __guard_longjmp_table      0000000000000000     <absolute>
 0000:00000000       __hybrid_auxiliary_delayload_iat 0000000000000000     <absolute>
 0000:00000000       __hybrid_auxiliary_delayload_iat_copy 0000000000000000     <absolute>
 0000:00000000       __hybrid_auxiliary_iat     0000000000000000     <absolute>
 0000:00000000       __hybrid_auxiliary_iat_copy 0000000000000000     <absolute>
 0000:00000000       __hybrid_code_map          0000000000000000     <absolute>
 0000:00000000       __hybrid_code_map_count    0000000000000000     <absolute>
 0000:00000000       __hybrid_image_info_bitfield 0000000000000000     <absolute>
 0000:00000000       __volatile_metadata        0000000000000000     <absolute>
 0000:00000000       __x64_code_ranges_to_entry_points 0000000000000000     <absolute>
 0000:00000000       __x64_code_ranges_to_entry_points_count 0000000000000000     <absolute>
 0000:00000100       __guard_flags              0000000000000100     <absolute>
 0000:00000000       __ImageBase                0000000140000000     <linker-defined>
 0001:00000000       __enc$textbss$begin        0000000140001000     <linker-defined>
 0001:00010000       __enc$textbss$end          0000000140011000     <linker-defined>
 0002:00000bf0       CLEAR                      0000000140011bf0 f i aead.obj
 0002:00000c70       DSEP                       0000000140011c70 f i aead.obj
 0002:00000cb0       LOADBYTES                  0000000140011cb0 f i aead.obj
 0002:00000d80       NOTZERO                    0000000140011d80 f i aead.obj
 0002:00000e50       P                          0000000140011e50 f i aead.obj
 0002:00000ee0       P12ROUNDS                  0000000140011ee0 f i aead.obj
 0002:00001000       P6ROUNDS                   0000000140012000 f i aead.obj
 0002:000010b0       P8ROUNDS                   00000001400120b0 f i aead.obj
 0002:00001180       PAD                        0000000140012180 f i aead.obj
 0002:000011e0       ROR                        00000001400121e0 f i aead.obj
 0002:00001260       ROUND                      0000000140012260 f i aead.obj
 0002:00001ad0       STOREBYTES                 0000000140012ad0 f i aead.obj
 0002:00001ba0       __JustMyCode_Default       0000000140012ba0 f i aead.obj
 0002:00001bb0       ascon_adata                0000000140012bb0 f i aead.obj
 0002:00001f00       ascon_aead_decrypt         0000000140012f00 f   aead.obj
 0002:00002050       ascon_aead_encrypt         0000000140013050 f   aead.obj
 0002:000021a0       ascon_decrypt              00000001400131a0 f i aead.obj
 0002:000025f0       ascon_encrypt              00000001400135f0 f i aead.obj
 0002:000029b0       ascon_final                00000001400139b0 f i aead.obj
 0002:00002c00       ascon_gettag               0000000140013c00 f i aead.obj
 0002:00002cb0       ascon_initaead             0000000140013cb0 f i aead.obj
 0002:00002ee0       ascon_loadkey              0000000140013ee0 f i aead.obj
 0002:00002f80       ascon_verify               0000000140013f80 f i aead.obj
 0002:000030c0       crypto_aead_decrypt        00000001400140c0 f   aead.obj
 0002:00003210       crypto_aead_encrypt        0000000140014210 f   aead.obj
 0002:00003340       ??$?0_J$0A@@?$duration@_JU?$ratio@$00$0DLJKMKAA@@std@@@chrono@std@@QEAA@AEB_J@Z 0000000140014340 f i main.obj
 0002:000033a0       ??$?6DU?$char_traits@D@std@@@std@@YAAEAV?$basic_ostream@DU?$char_traits@D@std@@@0@AEAV10@AEBU?$_Smanip@_J@0@@Z 00000001400143a0 f i main.obj
 0002:00003430       ??$?6U?$char_traits@D@std@@@std@@YAAEAV?$basic_ostream@DU?$char_traits@D@std@@@0@AEAV10@PEBD@Z 0000000140014430 f i main.obj
 0002:000038d0       ??$?GUsteady_clock@chrono@std@@V?$duration@_JU?$ratio@$00$0DLJKMKAA@@std@@@12@V312@@chrono@std@@YA?AV?$duration@_JU?$ratio@$00$0DLJKMKAA@@std@@@01@AEBV?$time_point@Usteady_clock@chrono@std@@V?$duration@_JU?$ratio@$00$0DLJKMKAA@@std@@@23@@01@0@Z 00000001400148d0 f i main.obj
 0002:00003980       ??$?G_JU?$ratio@$00$0DLJKMKAA@@std@@_JU01@@chrono@std@@YA?AV?$duration@_JU?$ratio@$00$0DLJKMKAA@@std@@@01@AEBV201@0@Z 0000000140014980 f i main.obj
 0002:00003a50       ??$_Getvals@_W@?$time_get@DV?$istreambuf_iterator@DU?$char_traits@D@std@@@std@@@std@@IEAAX_WAEBV_Locinfo@1@@Z 0000000140014a50 f i main.obj
 0002:00003b40       ??$_Getvals@_W@?$time_get@_WV?$istreambuf_iterator@_WU?$char_traits@_W@std@@@std@@@std@@IEAAX_WAEBV_Locinfo@1@@Z 0000000140014b40 f i main.obj
 0002:00003c30       ??$addressof@V?$basic_ostream@DU?$char_traits@D@std@@@std@@@std@@YAPEAV?$basic_ostream@DU?$char_traits@D@std@@@0@AEAV10@@Z 0000000140014c30 f i main.obj
 0002:00003c70       ??$duration_cast@V?$duration@_JU?$ratio@$00$0DLJKMKAA@@std@@@chrono@std@@_JU?$ratio@$00$0DLJKMKAA@@3@$0A@@chrono@std@@YA?AV?$duration@_JU?$ratio@$00$0DLJKMKAA@@std@@@01@AEBV201@@Z 0000000140014c70 f i main.obj
 0002:00003cf0       ??0?$time_point@Usteady_clock@chrono@std@@V?$duration@_JU?$ratio@$00$0DLJKMKAA@@std@@@23@@chrono@std@@QEAA@AEBV?$duration@_JU?$ratio@$00$0DLJKMKAA@@std@@@12@@Z 0000000140014cf0 f i main.obj
 0002:00003d50       ??0_Sentry_base@?$basic_ostream@DU?$char_traits@D@std@@@std@@QEAA@AEAV12@@Z 0000000140014d50 f i main.obj
 0002:00003e10       ??0sentry@?$basic_ostream@DU?$char_traits@D@std@@@std@@QEAA@AEAV12@@Z 0000000140014e10 f i main.obj
 0002:00003f60       ??1_Sentry_base@?$basic_ostream@DU?$char_traits@D@std@@@std@@QEAA@XZ 0000000140014f60 f i main.obj
 0002:00004000       ??1sentry@?$basic_ostream@DU?$char_traits@D@std@@@std@@QEAA@XZ 0000000140015000 f i main.obj
 0002:000040a0       ??Bsentry@?$basic_ostream@DU?$char_traits@D@std@@@std@@QEBA_NXZ 00000001400150a0 f i main.obj
 0002:000040f0       ?_Maklocwcs@std@@YAPEA_WPEB_W@Z 00000001400150f0 f i main.obj
 0002:000041b0       ?__empty_global_delete@@YAXPEAX@Z 00000001400151b0 f i main.obj
 0002:000041f0       ?__empty_global_delete@@YAXPEAX_K@Z 00000001400151f0 f i main.obj
 0002:00004230       ?count@?$duration@_JU?$ratio@$00$0DLJKMKAA@@std@@@chrono@std@@QEBA_JXZ 0000000140015230 f i main.obj
 0002:00004280       ?eof@?$_Narrow_char_traits@DH@std@@SAHXZ 0000000140015280 f i main.obj
 0002:000042c0       ?eq_int_type@?$_Narrow_char_traits@DH@std@@SA_NHH@Z 00000001400152c0 f i main.obj
 0002:00004400       ?length@?$_Narrow_char_traits@DH@std@@SA_KQEBD@Z 0000000140015400 f i main.obj
 0002:00004450       ?now@steady_clock@chrono@std@@SA?AV?$time_point@Usteady_clock@chrono@std@@V?$duration@_JU?$ratio@$00$0DLJKMKAA@@std@@@23@@23@XZ 0000000140015450 f i main.obj
 0002:00004680       ?time_since_epoch@?$time_point@Usteady_clock@chrono@std@@V?$duration@_JU?$ratio@$00$0DLJKMKAA@@std@@@23@@chrono@std@@QEBA?AV?$duration@_JU?$ratio@$00$0DLJKMKAA@@std@@@23@XZ 0000000140015680 f i main.obj
 0002:000047d0       ?wrap_ascon@@YAXPEBEPEAE0@Z 00000001400157d0 f   main.obj
 0002:00004bb0       main                       0000000140015bb0 f   main.obj
 0002:000050c0       wmemcpy                    00000001400160c0 f i main.obj
 0002:00005130       assert_failed              0000000140016130 f   assert.obj
 0002:00005270       present_decrypt            0000000140016270 f   present.obj
 0002:00005950       present_encrypt            0000000140016950 f   present.obj
 0002:00006ba0       Simon_Decrypt              0000000140017ba0 f   simon.obj
 0002:00006c30       Simon_Decrypt_128          0000000140017c30 f   simon.obj
 0002:00006e20       Simon_Decrypt_32           0000000140017e20 f   simon.obj
 0002:00007010       Simon_Decrypt_48           0000000140018010 f   simon.obj
 0002:00007280       Simon_Decrypt_64           0000000140018280 f   simon.obj
 0002:00007440       Simon_Decrypt_96           0000000140018440 f   simon.obj
 0002:00007760       Simon_Encrypt              0000000140018760 f   simon.obj
 0002:000077f0       Simon_Encrypt_128          00000001400187f0 f   simon.obj
 0002:000079e0       Simon_Encrypt_32           00000001400189e0 f   simon.obj
 0002:00007bd0       Simon_Encrypt_48           0000000140018bd0 f   simon.obj
 0002:00007e40       Simon_Encrypt_64           0000000140018e40 f   simon.obj
 0002:00008000       Simon_Encrypt_96           0000000140019000 f   simon.obj
 0002:00008320       Simon_Init                 0000000140019320 f   simon.obj
 0002:00008a40       Speck_Decrypt              0000000140019a40 f   speck.obj
 0002:00008ad0       Speck_Decrypt_128          0000000140019ad0 f   speck.obj
 0002:00008c80       Speck_Decrypt_32           0000000140019c80 f   speck.obj
 0002:00008e20       Speck_Decrypt_48           0000000140019e20 f   speck.obj
 0002:00009010       Speck_Decrypt_64           000000014001a010 f   speck.obj
 0002:000091a0       Speck_Decrypt_96           000000014001a1a0 f   speck.obj
 0002:00009400       Speck_Encrypt              000000014001a400 f   speck.obj
 0002:00009490       Speck_Encrypt_128          000000014001a490 f   speck.obj
 0002:00009630       Speck_Encrypt_32           000000014001a630 f   speck.obj
 0002:000097a0       Speck_Encrypt_48           000000014001a7a0 f   speck.obj
 0002:00009960       Speck_Encrypt_64           000000014001a960 f   speck.obj
 0002:00009ae0       Speck_Encrypt_96           000000014001aae0 f   speck.obj
 0002:00009cf0       Speck_Init                 000000014001acf0 f   speck.obj
 0002:0000a400       AES_CBC_decrypt_buffer     000000014001b400 f   aes.obj
 0002:0000a570       AES_CBC_encrypt_buffer     000000014001b570 f   aes.obj
 0002:0000a680       AES_CTR_xcrypt_buffer      000000014001b680 f   aes.obj
 0002:0000a890       AES_ECB_decrypt            000000014001b890 f   aes.obj
 0002:0000a8f0       AES_ECB_encrypt            000000014001b8f0 f   aes.obj
 0002:0000a950       AES_ctx_set_iv             000000014001b950 f   aes.obj
 0002:0000a9c0       AES_init_ctx               000000014001b9c0 f   aes.obj
 0002:0000aa20       AES_init_ctx_iv            000000014001ba20 f   aes.obj
 0002:0000d205       GetCurrentProcess          000000014001e205 f   kernel32:KERNEL32.dll
 0002:0000d20b       K32GetProcessMemoryInfo    000000014001e20b f   kernel32:KERNEL32.dll
 0002:0000d220       _RTC_AllocaHelper          000000014001e220 f   MSVCRTD:stack.obj
 0002:0000d270       _RTC_CheckStackVars        000000014001e270 f   MSVCRTD:stack.obj
 0002:0000d320       _RTC_CheckStackVars2       000000014001e320 f   MSVCRTD:stack.obj
 0002:0000d470       _CRT_RTC_INIT              000000014001e470 f   MSVCRTD:init.obj
 0002:0000d480       _CRT_RTC_INITW             000000014001e480 f   MSVCRTD:init.obj
 0002:0000d490       _RTC_InitBase              000000014001e490 f   MSVCRTD:init.obj
 0002:0000d4e0       _RTC_Shutdown              000000014001e4e0 f   MSVCRTD:init.obj
 0002:0000d510       __CheckForDebuggerJustMyCode 000000014001e510 f   MSVCRTD:debugger_jmc.obj
 0002:0000d560       __GSHandlerCheck           000000014001e560 f   MSVCRTD:gshandler.obj
 0002:0000d5b0       __GSHandlerCheckCommon     000000014001e5b0 f   MSVCRTD:gshandler.obj
 0002:0000d700       __security_check_cookie    000000014001e700 f   MSVCRTD:amdsecgs.obj
 0002:0000d730       __GSHandlerCheck_EH4       000000014001e730 f   MSVCRTD:gshandlereh4.obj
 0002:0000d8b0       ?_RTC_AllocaFailure@@YAXPEAXPEAU_RTC_ALLOCA_NODE@@H@Z 000000014001e8b0 f   MSVCRTD:error.obj
 0002:0000da60       ?_RTC_Failure@@YAXPEAXH@Z  000000014001ea60 f   MSVCRTD:error.obj
 0002:0000dad0       ?_RTC_StackFailure@@YAXPEAXPEBD@Z 000000014001ead0 f   MSVCRTD:error.obj
 0002:0000e030       _RTC_UninitUse             000000014001f030 f   MSVCRTD:error.obj
 0002:0000e130       __local_stdio_printf_options 000000014001f130 f i MSVCRTD:error.obj
 0002:0000e140       _vsprintf_s_l              000000014001f140 f i MSVCRTD:error.obj
 0002:0000e1c0       sprintf_s                  000000014001f1c0 f i MSVCRTD:error.obj
 0002:0000e560       ?configure_argv@__scrt_narrow_argv_policy@@SAHXZ 000000014001f560 f i MSVCRTD:exe_main.obj
 0002:0000e580       ?initialize_environment@__scrt_narrow_environment_policy@@SAHXZ 000000014001f580 f i MSVCRTD:exe_main.obj
 0002:0000e5f0       ?set_app_type@__scrt_main_policy@@SAXXZ 000000014001f5f0 f i MSVCRTD:exe_main.obj
 0002:0000e610       ?set_commode@__scrt_file_policy@@SAXXZ 000000014001f610 f i MSVCRTD:exe_main.obj
 0002:0000e640       ?set_fmode@__scrt_file_policy@@SAXXZ 000000014001f640 f i MSVCRTD:exe_main.obj
 0002:0000e660       mainCRTStartup             000000014001f660 f   MSVCRTD:exe_main.obj
 0002:0000e680       ?_RTC_GetErrorFunc@@YAP6AHHPEBDH00ZZPEBX@Z 000000014001f680 f   MSVCRTD:userapi.obj
 0002:0000e690       ?_RTC_GetErrorFuncW@@YAP6AHHPEB_WH00ZZPEBX@Z 000000014001f690 f   MSVCRTD:userapi.obj
 0002:0000e6a0       _RTC_GetErrDesc            000000014001f6a0 f   MSVCRTD:userapi.obj
 0002:0000e6c0       _RTC_NumErrors             000000014001f6c0 f   MSVCRTD:userapi.obj
 0002:0000e6d0       _RTC_SetErrorFunc          000000014001f6d0 f   MSVCRTD:userapi.obj
 0002:0000e6f0       _RTC_SetErrorFuncW         000000014001f6f0 f   MSVCRTD:userapi.obj
 0002:0000e710       _RTC_SetErrorType          000000014001f710 f   MSVCRTD:userapi.obj
 0002:0000e740       __raise_securityfailure    000000014001f740 f   MSVCRTD:gs_report.obj
 0002:0000e790       __report_gsfailure         000000014001f790 f   MSVCRTD:gs_report.obj
 0002:0000e8a0       __report_rangecheckfailure 000000014001f8a0 f   MSVCRTD:gs_report.obj
 0002:0000e8c0       __report_securityfailure   000000014001f8c0 f   MSVCRTD:gs_report.obj
 0002:0000e990       __report_securityfailureEx 000000014001f990 f   MSVCRTD:gs_report.obj
 0002:0000f300       ?_RTC_GetSrcLine@@YAHPEAEPEA_WKPEAH1K@Z 0000000140020300 f   MSVCRTD:pdblkup.obj
 0002:0000f7c0       _guard_check_icall_nop     00000001400207c0 f i MSVCRTD:guard_support.obj
 0002:0000f7d0       ReadNoFence64              00000001400207d0 f i MSVCRTD:guard_support.obj
 0002:0000f800       ReadPointerNoFence         0000000140020800 f i MSVCRTD:guard_support.obj
 0002:0000f820       __castguard_check_failure_debugbreak 0000000140020820 f i MSVCRTD:guard_support.obj
 0002:0000f850       __castguard_check_failure_fastfail 0000000140020850 f i MSVCRTD:guard_support.obj
 0002:0000f880       __castguard_check_failure_nop 0000000140020880 f i MSVCRTD:guard_support.obj
 0002:0000f890       __castguard_check_failure_os_handled 0000000140020890 f i MSVCRTD:guard_support.obj
 0002:0000f900       __castguard_check_failure_user_handled 0000000140020900 f i MSVCRTD:guard_support.obj
 0002:0000fa20       __castguard_set_user_handler 0000000140020a20 f i MSVCRTD:guard_support.obj
 0002:0000fa50       __castguard_slow_path_check_debugbreak 0000000140020a50 f i MSVCRTD:guard_support.obj
 0002:0000faa0       __castguard_slow_path_check_fastfail 0000000140020aa0 f i MSVCRTD:guard_support.obj
 0002:0000fb00       __castguard_slow_path_check_nop 0000000140020b00 f i MSVCRTD:guard_support.obj
 0002:0000fb20       __castguard_slow_path_check_os_handled 0000000140020b20 f i MSVCRTD:guard_support.obj
 0002:0000fb80       __castguard_slow_path_check_user_handled 0000000140020b80 f i MSVCRTD:guard_support.obj
 0002:0000fc70       _guard_icall_checks_enforced 0000000140020c70 f i MSVCRTD:guard_support.obj
 0002:0000fcc0       _guard_rf_checks_enforced  0000000140020cc0 f i MSVCRTD:guard_support.obj
 0002:0000fe80       NtCurrentTeb               0000000140020e80 f i MSVCRTD:utility.obj
 0002:0000fe90       __scrt_acquire_startup_lock 0000000140020e90 f   MSVCRTD:utility.obj
 0002:0000ff10       __scrt_dllmain_after_initialize_c 0000000140020f10 f   MSVCRTD:utility.obj
 0002:0000ff50       __scrt_dllmain_before_initialize_c 0000000140020f50 f   MSVCRTD:utility.obj
 0002:0000ff80       __scrt_dllmain_crt_thread_attach 0000000140020f80 f   MSVCRTD:utility.obj
 0002:0000ffc0       __scrt_dllmain_crt_thread_detach 0000000140020fc0 f   MSVCRTD:utility.obj
 0002:0000ffe0       __scrt_dllmain_exception_filter 0000000140020fe0 f   MSVCRTD:utility.obj
 0002:00010060       __scrt_dllmain_uninitialize_c 0000000140021060 f   MSVCRTD:utility.obj
 0002:000100a0       __scrt_dllmain_uninitialize_critical 00000001400210a0 f   MSVCRTD:utility.obj
 0002:000100c0       __scrt_initialize_crt      00000001400210c0 f   MSVCRTD:utility.obj
 0002:00010120       __scrt_initialize_onexit_tables 0000000140021120 f   MSVCRTD:utility.obj
 0002:00010270       __scrt_is_nonwritable_in_current_image 0000000140021270 f   MSVCRTD:utility.obj
 0002:00010320       __scrt_release_startup_lock 0000000140021320 f   MSVCRTD:utility.obj
 0002:00010360       __scrt_uninitialize_crt    0000000140021360 f   MSVCRTD:utility.obj
 0002:000103b0       _onexit                    00000001400213b0 f   MSVCRTD:utility.obj
 0002:00010450       at_quick_exit              0000000140021450 f   MSVCRTD:utility.obj
 0002:000104b0       atexit                     00000001400214b0 f   MSVCRTD:utility.obj
 0002:000105e0       __security_init_cookie     00000001400215e0 f   MSVCRTD:gs_support.obj
 0002:00010680       _matherr                   0000000140021680 f   MSVCRTD:matherr.obj
 0002:00010690       _get_startup_argv_mode     0000000140021690 f   MSVCRTD:argv_mode.obj
 0002:000106a0       _get_startup_commit_mode   00000001400216a0 f   MSVCRTD:commit_mode.obj
 0002:000106b0       _get_startup_file_mode     00000001400216b0 f   MSVCRTD:file_mode.obj
 0002:000106c0       _get_startup_new_mode      00000001400216c0 f   MSVCRTD:new_mode.obj
 0002:000106d0       _get_startup_thread_locale_mode 00000001400216d0 f   MSVCRTD:thread_locale.obj
 0002:000106e0       ?__scrt_initialize_type_info@@YAXXZ 00000001400216e0 f   MSVCRTD:tncleanup.obj
 0002:00010700       ?__scrt_uninitialize_type_info@@YAXXZ 0000000140021700 f   MSVCRTD:tncleanup.obj
 0002:00010720       _should_initialize_environment 0000000140021720 f   MSVCRTD:env_mode.obj
 0002:00010730       _initialize_invalid_parameter_handler 0000000140021730 f   MSVCRTD:invalid_parameter_handler.obj
 0002:00010740       _initialize_denormal_control 0000000140021740 f   MSVCRTD:denormal_control.obj
 0002:00010750       __local_stdio_scanf_options 0000000140021750 f i MSVCRTD:default_local_stdio_options.obj
 0002:00010760       __scrt_initialize_default_local_stdio_options 0000000140021760 f   MSVCRTD:default_local_stdio_options.obj
 0002:000107c0       __scrt_is_user_matherr_present 00000001400217c0 f   MSVCRTD:matherr_detection.obj
 0002:000107f0       __scrt_get_dyn_tls_init_callback 00000001400217f0 f   MSVCRTD:dyn_tls_init.obj
 0002:00010800       __scrt_get_dyn_tls_dtor_callback 0000000140021800 f   MSVCRTD:dyn_tls_dtor.obj
 0002:00010810       __crt_debugger_hook        0000000140021810 f   MSVCRTD:utility_desktop.obj
 0002:00010830       __scrt_fastfail            0000000140021830 f   MSVCRTD:utility_desktop.obj
 0002:00010a30       __scrt_get_show_window_mode 0000000140021a30 f   MSVCRTD:utility_desktop.obj
 0002:00010aa0       __scrt_initialize_mta      0000000140021aa0 f   MSVCRTD:utility_desktop.obj
 0002:00010ac0       __scrt_initialize_winrt    0000000140021ac0 f   MSVCRTD:utility_desktop.obj
 0002:00010ad0       __scrt_is_managed_app      0000000140021ad0 f   MSVCRTD:utility_desktop.obj
 0002:00010ba0       __scrt_set_unhandled_exception_filter 0000000140021ba0 f   MSVCRTD:utility_desktop.obj
 0002:00010bc0       __scrt_exe_initialize_mta  0000000140021bc0 f   MSVCRTD:utility_desktop.obj
 0002:00010bc0       __scrt_stub_for_initialize_mta 0000000140021bc0 f   MSVCRTD:utility_desktop.obj
 0002:00010bd0       __scrt_unhandled_exception_filter 0000000140021bd0 f   MSVCRTD:utility_desktop.obj
 0002:00010ca0       _RTC_Initialize            0000000140021ca0 f   MSVCRTD:initsect.obj
 0002:00010d00       _RTC_Terminate             0000000140021d00 f   MSVCRTD:initsect.obj
 0002:00010d60       __isa_available_init       0000000140021d60 f   MSVCRTD:cpu_disp.obj
 0002:00011390       __scrt_is_ucrt_dll_in_use  0000000140022390 f   MSVCRTD:ucrt_detection.obj
 0002:000113be       ?_Xbad_alloc@std@@YAXXZ    00000001400223be f   msvcprtd:MSVCP140D.dll
 0002:000113c4       ?uncaught_exception@std@@YA_NXZ 00000001400223c4 f   msvcprtd:MSVCP140D.dll
 0002:000113ca       _Query_perf_counter        00000001400223ca f   msvcprtd:MSVCP140D.dll
 0002:000113d0       _Query_perf_frequency      00000001400223d0 f   msvcprtd:MSVCP140D.dll
 0002:000113d6       ?_Getcvt@_Locinfo@std@@QEBA?AU_Cvtvec@@XZ 00000001400223d6 f   msvcprtd:MSVCP140D.dll
 0002:000113dc       ?_W_Getdays@_Locinfo@std@@QEBAPEBGXZ 00000001400223dc f   msvcprtd:MSVCP140D.dll
 0002:000113e2       ?_W_Getmonths@_Locinfo@std@@QEBAPEBGXZ 00000001400223e2 f   msvcprtd:MSVCP140D.dll
 0002:000113e8       ?good@ios_base@std@@QEBA_NXZ 00000001400223e8 f   msvcprtd:MSVCP140D.dll
 0002:000113ee       ?flags@ios_base@std@@QEBAHXZ 00000001400223ee f   msvcprtd:MSVCP140D.dll
 0002:000113f4       ?width@ios_base@std@@QEBA_JXZ 00000001400223f4 f   msvcprtd:MSVCP140D.dll
 0002:000113fa       ?width@ios_base@std@@QEAA_J_J@Z 00000001400223fa f   msvcprtd:MSVCP140D.dll
 0002:00011400       ?sputc@?$basic_streambuf@DU?$char_traits@D@std@@@std@@QEAAHD@Z 0000000140022400 f   msvcprtd:MSVCP140D.dll
 0002:00011406       ?sputn@?$basic_streambuf@DU?$char_traits@D@std@@@std@@QEAA_JPEBD_J@Z 0000000140022406 f   msvcprtd:MSVCP140D.dll
 0002:0001140c       ?setstate@?$basic_ios@DU?$char_traits@D@std@@@std@@QEAAXH_N@Z 000000014002240c f   msvcprtd:MSVCP140D.dll
 0002:00011412       ?tie@?$basic_ios@DU?$char_traits@D@std@@@std@@QEBAPEAV?$basic_ostream@DU?$char_traits@D@std@@@2@XZ 0000000140022412 f   msvcprtd:MSVCP140D.dll
 0002:00011418       ?rdbuf@?$basic_ios@DU?$char_traits@D@std@@@std@@QEBAPEAV?$basic_streambuf@DU?$char_traits@D@std@@@2@XZ 0000000140022418 f   msvcprtd:MSVCP140D.dll
 0002:0001141e       ?fill@?$basic_ios@DU?$char_traits@D@std@@@std@@QEBADXZ 000000014002241e f   msvcprtd:MSVCP140D.dll
 0002:00011424       ?_Osfx@?$basic_ostream@DU?$char_traits@D@std@@@std@@QEAAXXZ 0000000140022424 f   msvcprtd:MSVCP140D.dll
 0002:0001142a       ??6?$basic_ostream@DU?$char_traits@D@std@@@std@@QEAAAEAV01@_K@Z 000000014002242a f   msvcprtd:MSVCP140D.dll
 0002:00011430       ?flush@?$basic_ostream@DU?$char_traits@D@std@@@std@@QEAAAEAV12@XZ 0000000140022430 f   msvcprtd:MSVCP140D.dll
 0002:00011436       ?setw@std@@YA?AU?$_Smanip@_J@1@_J@Z 0000000140022436 f   msvcprtd:MSVCP140D.dll
 0002:0001143c       memcpy                     000000014002243c f   vcruntimed:VCRUNTIME140D.dll
 0002:00011442       __CxxFrameHandler4         0000000140022442 f   vcruntimed:VCRUNTIME140_1D.dll
 0002:00011448       __C_specific_handler_noexcept 0000000140022448 f   vcruntimed:VCRUNTIME140D.dll
 0002:0001144e       __C_specific_handler       000000014002244e f   vcruntimed:VCRUNTIME140D.dll
 0002:00011454       __vcrt_GetModuleFileNameW  0000000140022454 f   vcruntimed:VCRUNTIME140D.dll
 0002:0001145a       __vcrt_GetModuleHandleW    000000014002245a f   vcruntimed:VCRUNTIME140D.dll
 0002:00011460       __vcrt_LoadLibraryExW      0000000140022460 f   vcruntimed:VCRUNTIME140D.dll
 0002:00011466       __std_type_info_destroy_list 0000000140022466 f   vcruntimed:VCRUNTIME140D.dll
 0002:0001146c       __current_exception        000000014002246c f   vcruntimed:VCRUNTIME140D.dll
 0002:00011472       __current_exception_context 0000000140022472 f   vcruntimed:VCRUNTIME140D.dll
 0002:00011478       _calloc_dbg                0000000140022478 f   ucrtd:ucrtbased.dll
 0002:0001147e       wcslen                     000000014002247e f   ucrtd:ucrtbased.dll
 0002:00011484       strlen                     0000000140022484 f   ucrtd:ucrtbased.dll
 0002:0001148a       _CrtDbgReport              000000014002248a f   ucrtd:ucrtbased.dll
 0002:00011490       _CrtDbgReportW             0000000140022490 f   ucrtd:ucrtbased.dll
 0002:00011496       strcpy_s                   0000000140022496 f   ucrtd:ucrtbased.dll
 0002:0001149c       strcat_s                   000000014002249c f   ucrtd:ucrtbased.dll
 0002:000114a2       __stdio_common_vsprintf_s  00000001400224a2 f   ucrtd:ucrtbased.dll
 0002:000114a8       _seh_filter_exe            00000001400224a8 f   ucrtd:ucrtbased.dll
 0002:000114ae       _set_app_type              00000001400224ae f   ucrtd:ucrtbased.dll
 0002:000114b4       __setusermatherr           00000001400224b4 f   ucrtd:ucrtbased.dll
 0002:000114ba       _configure_narrow_argv     00000001400224ba f   ucrtd:ucrtbased.dll
 0002:000114c0       _initialize_narrow_environment 00000001400224c0 f   ucrtd:ucrtbased.dll
 0002:000114c6       _get_initial_narrow_environment 00000001400224c6 f   ucrtd:ucrtbased.dll
 0002:000114cc       _initterm                  00000001400224cc f   ucrtd:ucrtbased.dll
 0002:000114d2       _initterm_e                00000001400224d2 f   ucrtd:ucrtbased.dll
 0002:000114d8       exit                       00000001400224d8 f   ucrtd:ucrtbased.dll
 0002:000114de       _exit                      00000001400224de f   ucrtd:ucrtbased.dll
 0002:000114e4       _set_fmode                 00000001400224e4 f   ucrtd:ucrtbased.dll
 0002:000114ea       __p___argc                 00000001400224ea f   ucrtd:ucrtbased.dll
 0002:000114f0       __p___argv                 00000001400224f0 f   ucrtd:ucrtbased.dll
 0002:000114f6       _cexit                     00000001400224f6 f   ucrtd:ucrtbased.dll
 0002:000114fc       _c_exit                    00000001400224fc f   ucrtd:ucrtbased.dll
 0002:00011502       _register_thread_local_exe_atexit_callback 0000000140022502 f   ucrtd:ucrtbased.dll
 0002:00011508       _configthreadlocale        0000000140022508 f   ucrtd:ucrtbased.dll
 0002:0001150e       _set_new_mode              000000014002250e f   ucrtd:ucrtbased.dll
 0002:00011514       __p__commode               0000000140022514 f   ucrtd:ucrtbased.dll
 0002:0001151a       _wmakepath_s               000000014002251a f   ucrtd:ucrtbased.dll
 0002:00011520       _wsplitpath_s              0000000140022520 f   ucrtd:ucrtbased.dll
 0002:00011526       wcscpy_s                   0000000140022526 f   ucrtd:ucrtbased.dll
 0002:0001152c       _seh_filter_dll            000000014002252c f   ucrtd:ucrtbased.dll
 0002:00011532       _initialize_onexit_table   0000000140022532 f   ucrtd:ucrtbased.dll
 0002:00011538       _register_onexit_function  0000000140022538 f   ucrtd:ucrtbased.dll
 0002:0001153e       _execute_onexit_table      000000014002253e f   ucrtd:ucrtbased.dll
 0002:00011544       _crt_atexit                0000000140022544 f   ucrtd:ucrtbased.dll
 0002:0001154a       _crt_at_quick_exit         000000014002254a f   ucrtd:ucrtbased.dll
 0002:00011550       terminate                  0000000140022550 f   ucrtd:ucrtbased.dll
 0002:00011556       GetCurrentThreadId         0000000140022556 f   kernel32:KERNEL32.dll
 0002:0001155c       IsDebuggerPresent          000000014002255c f   kernel32:KERNEL32.dll
 0002:00011562       RaiseException             0000000140022562 f   kernel32:KERNEL32.dll
 0002:00011568       MultiByteToWideChar        0000000140022568 f   kernel32:KERNEL32.dll
 0002:0001156e       WideCharToMultiByte        000000014002256e f   kernel32:KERNEL32.dll
 0002:00011574       RtlCaptureContext          0000000140022574 f   kernel32:KERNEL32.dll
 0002:0001157a       RtlLookupFunctionEntry     000000014002257a f   kernel32:KERNEL32.dll
 0002:00011580       RtlVirtualUnwind           0000000140022580 f   kernel32:KERNEL32.dll
 0002:00011586       UnhandledExceptionFilter   0000000140022586 f   kernel32:KERNEL32.dll
 0002:0001158c       SetUnhandledExceptionFilter 000000014002258c f   kernel32:KERNEL32.dll
 0002:00011592       TerminateProcess           0000000140022592 f   kernel32:KERNEL32.dll
 0002:00011598       IsProcessorFeaturePresent  0000000140022598 f   kernel32:KERNEL32.dll
 0002:0001159e       GetLastError               000000014002259e f   kernel32:KERNEL32.dll
 0002:000115a4       HeapAlloc                  00000001400225a4 f   kernel32:KERNEL32.dll
 0002:000115aa       HeapFree                   00000001400225aa f   kernel32:KERNEL32.dll
 0002:000115b0       GetProcessHeap             00000001400225b0 f   kernel32:KERNEL32.dll
 0002:000115b6       VirtualQuery               00000001400225b6 f   kernel32:KERNEL32.dll
 0002:000115bc       FreeLibrary                00000001400225bc f   kernel32:KERNEL32.dll
 0002:000115c2       GetProcAddress             00000001400225c2 f   kernel32:KERNEL32.dll
 0002:000115c8       QueryPerformanceCounter    00000001400225c8 f   kernel32:KERNEL32.dll
 0002:000115ce       GetCurrentProcessId        00000001400225ce f   kernel32:KERNEL32.dll
 0002:000115d4       GetSystemTimeAsFileTime    00000001400225d4 f   kernel32:KERNEL32.dll
 0002:000115da       InitializeSListHead        00000001400225da f   kernel32:KERNEL32.dll
 0002:000115e0       GetStartupInfoW            00000001400225e0 f   kernel32:KERNEL32.dll
 0002:000115e6       GetModuleHandleW           00000001400225e6 f   kernel32:KERNEL32.dll
 0002:000115f0       __acrt_initialize          00000001400225f0 f   MSVCRTD:ucrt_stubs.obj
 0002:000115f0       __scrt_stub_for_acrt_initialize 00000001400225f0 f   MSVCRTD:ucrt_stubs.obj
 0002:000115f0       __vcrt_initialize          00000001400225f0 f   MSVCRTD:ucrt_stubs.obj
 0002:00011600       __acrt_thread_attach       0000000140022600 f   MSVCRTD:ucrt_stubs.obj
 0002:00011600       __scrt_stub_for_acrt_thread_attach 0000000140022600 f   MSVCRTD:ucrt_stubs.obj
 0002:00011600       __vcrt_thread_attach       0000000140022600 f   MSVCRTD:ucrt_stubs.obj
 0002:00011610       __acrt_thread_detach       0000000140022610 f   MSVCRTD:ucrt_stubs.obj
 0002:00011610       __scrt_stub_for_acrt_thread_detach 0000000140022610 f   MSVCRTD:ucrt_stubs.obj
 0002:00011610       __vcrt_thread_detach       0000000140022610 f   MSVCRTD:ucrt_stubs.obj
 0002:00011620       __acrt_uninitialize        0000000140022620 f   MSVCRTD:ucrt_stubs.obj
 0002:00011620       __scrt_stub_for_acrt_uninitialize 0000000140022620 f   MSVCRTD:ucrt_stubs.obj
 0002:00011620       __vcrt_uninitialize        0000000140022620 f   MSVCRTD:ucrt_stubs.obj
 0002:00011630       __acrt_uninitialize_critical 0000000140022630 f   MSVCRTD:ucrt_stubs.obj
 0002:00011630       __scrt_stub_for_acrt_uninitialize_critical 0000000140022630 f   MSVCRTD:ucrt_stubs.obj
 0002:00011630       __vcrt_uninitialize_critical 0000000140022630 f   MSVCRTD:ucrt_stubs.obj
 0002:00011640       __scrt_stub_for_is_c_termination_complete 0000000140022640 f   MSVCRTD:ucrt_stubs.obj
 0002:00011640       _is_c_termination_complete 0000000140022640 f   MSVCRTD:ucrt_stubs.obj
 0002:00012c40       _guard_dispatch_icall_nop  0000000140023c40 f   MSVCRTD:guard_dispatch.obj
 0002:00012c60       _guard_xfg_dispatch_icall_nop 0000000140023c60 f   MSVCRTD:guard_xfg_dispatch.obj
 0003:00000000       __xc_a                     0000000140026000     MSVCRTD:initializers.obj
 0003:00000220       __xc_z                     0000000140026220     MSVCRTD:initializers.obj
 0003:00000330       __xi_a                     0000000140026330     MSVCRTD:initializers.obj
 0003:00000660       __xi_z                     0000000140026660     MSVCRTD:initializers.obj
 0003:00000770       __xp_a                     0000000140026770     MSVCRTD:initializers.obj
 0003:00000880       __xp_z                     0000000140026880     MSVCRTD:initializers.obj
 0003:00000990       __xt_a                     0000000140026990     MSVCRTD:initializers.obj
 0003:00000aa0       __xt_z                     0000000140026aa0     MSVCRTD:initializers.obj
 0003:00000fdc       ??_C@_05KFCNIPFD@Ascon@    0000000140026fdc     main.obj
 0003:00000fe8       ??_C@_07FDIOJFJP@PRESENT@  0000000140026fe8     main.obj
 0003:00000ff4       ??_C@_05CBLMNEND@Simon@    0000000140026ff4     main.obj
 0003:00000ffc       ??_C@_05PNJFAEOO@Speck@    0000000140026ffc     main.obj
 0003:00001004       ??_C@_06FBFHPGKM@AES256@   0000000140027004     main.obj
 0003:00001558       ??_C@_0DL@NNFALEPF@D?3?2Visual?5studio?2VC?2Tools?2MSVC?2@ 0000000140027558     main.obj
 0003:000015a0       ??_C@_04DNPIEJPO@?5KB?6@   00000001400275a0     main.obj
 0003:000015a8       ??_C@_06DNKCJGJO@?5mem?3?5@ 00000001400275a8     main.obj
 0003:000015b0       ??_C@_04EMGDBKHB@?5ns?0@   00000001400275b0     main.obj
 0003:000015b8       ??_C@_06CJNFLND@?5avg?3?5@ 00000001400275b8     main.obj
 0003:000015c0       ??_C@_08DHIKNHOB@?5total?3?5@ 00000001400275c0     main.obj
 0003:000015cc       ??_C@_03DEKGLNNN@?5B?0@    00000001400275cc     main.obj
 0003:000015d0       ??_C@_07PMGFDLGP@?5code?3?5@ 00000001400275d0     main.obj
 0003:000015e0       ??_C@_1BK@MHIKGOKE@?$AA?3?$AAA?$AAM?$AA?3?$AAa?$AAm?$AA?3?$AAP?$AAM?$AA?3?$AAp?$AAm@ 00000001400275e0     main.obj
 0003:00001950       simon_rounds               0000000140027950     simon.obj
 0003:00001960       z_assign                   0000000140027960     simon.obj
 0003:00001c20       speck_rounds               0000000140027c20     speck.obj
 0003:000021a0       ??_C@_0NN@JMPELKLB@The?5value?5of?5ESP?5was?5not?5proper@ 00000001400281a0     MSVCRTD:error.obj
 0003:000022b0       ??_C@_0BBN@ELNNILBE@A?5cast?5to?5a?5smaller?5data?5type?5h@ 00000001400282b0     MSVCRTD:error.obj
 0003:00002408       ??_C@_0BN@BPOGFMJL@Stack?5memory?5was?5corrupted?$AN?6@ 0000000140028408     MSVCRTD:error.obj
 0003:00002430       ??_C@_0DG@DAJCDLPN@A?5local?5variable?5was?5used?5befor@ 0000000140028430     MSVCRTD:error.obj
 0003:00002470       ??_C@_0CM@JMIDGKLA@Stack?5memory?5around?5_alloca?5was@ 0000000140028470     MSVCRTD:error.obj
 0003:000024a8       ??_C@_0BO@CHIONIOI@Unknown?5Runtime?5Check?5Error?$AN?6@ 00000001400284a8     MSVCRTD:error.obj
 0003:000024d0       ??_C@_1GM@CNOOJIHC@?$AAR?$AAu?$AAn?$AAt?$AAi?$AAm?$AAe?$AA?5?$AAC?$AAh?$AAe?$AAc?$AAk?$AA?5?$AAE@ 00000001400284d0     MSVCRTD:error.obj
 0003:00002560       ??_C@_1EA@NFKNIFJP@?$AAR?$AAu?$AAn?$AA?9?$AAT?$AAi?$AAm?$AAe?$AA?5?$AAC?$AAh?$AAe?$AAc?$AAk?$AA?5@ 0000000140028560     MSVCRTD:error.obj
 0003:000025b0       ??_C@_0BB@PFFGGCJP@Unknown?5Filename@ 00000001400285b0     MSVCRTD:error.obj
 0003:000025c8       ??_C@_0BE@GNBOBNCK@Unknown?5Module?5Name@ 00000001400285c8     MSVCRTD:error.obj
 0003:000025e0       ??_C@_0CA@IODNCDPG@Run?9Time?5Check?5Failure?5?$CD?$CFd?5?9?5?$CFs@ 00000001400285e0     MSVCRTD:error.obj
 0003:00002608       ??_C@_0CG@IAFNJNEE@Stack?5corrupted?5near?5unknown?5va@ 0000000140028608     MSVCRTD:error.obj
 0003:00002638       ??_C@_05MKKEDADM@?$CF?42X?5@ 0000000140028638     MSVCRTD:error.obj
 0003:00002640       ??_C@_0EJ@LJKNEOLN@Stack?5area?5around?5_alloca?5memor@ 0000000140028640     MSVCRTD:error.obj
 0003:00002698       ??_C@_01EEMJAFIK@?6@       0000000140028698     MSVCRTD:error.obj
 0003:0000269c       ??_C@_02LLMPMKNF@?$DO?5@   000000014002869c     MSVCRTD:error.obj
 0003:000026a0       ??_C@_08OMAHNMHJ@?6Data?3?5?$DM@ 00000001400286a0     MSVCRTD:error.obj
 0003:000026b0       ??_C@_0CK@DKGBICFE@?6Allocation?5number?5within?5this?5@ 00000001400286b0     MSVCRTD:error.obj
 0003:000026e8       ??_C@_07DFDJCKFN@?6Size?3?5@ 00000001400286e8     MSVCRTD:error.obj
 0003:000026f8       ??_C@_0N@MHFFIMFG@?6Address?3?50x@ 00000001400286f8     MSVCRTD:error.obj
 0003:00002710       ??_C@_0EI@CLEPFNGI@Stack?5area?5around?5_alloca?5memor@ 0000000140028710     MSVCRTD:error.obj
 0003:00002768       ??_C@_0BK@ODNDAGKB@?$CFs?$CFs?$CFp?$CFs?$CFzd?$CFs?$CFd?$CFs?$CFs?$CFs?$CFs?$CFs@ 0000000140028768     MSVCRTD:error.obj
 0003:00002788       ??_C@_0DE@OHJBPMBP@A?5variable?5is?5being?5used?5withou@ 0000000140028788     MSVCRTD:error.obj
 0003:000027f8       ??_C@_0BJ@HEGAHDFO@Stack?5pointer?5corruption@ 00000001400287f8     MSVCRTD:userapi.obj
 0003:00002818       ??_C@_0CK@FEGOIOPB@Cast?5to?5smaller?5type?5causing?5lo@ 0000000140028818     MSVCRTD:userapi.obj
 0003:00002850       ??_C@_0BI@CIGMDCBH@Stack?5memory?5corruption@ 0000000140028850     MSVCRTD:userapi.obj
 0003:00002870       ??_C@_0CK@CNLNOEPB@Local?5variable?5used?5before?5init@ 0000000140028870     MSVCRTD:userapi.obj
 0003:000028a8       ??_C@_0BP@OGBCLIBO@Stack?5around?5_alloca?5corrupted@ 00000001400288a8     MSVCRTD:userapi.obj
 0003:00002950       ??_C@_1EI@MLPKHBGE@?$AAa?$AAp?$AAi?$AA?9?$AAm?$AAs?$AA?9?$AAw?$AAi?$AAn?$AA?9?$AAc?$AAo?$AAr?$AAe@ 0000000140028950     MSVCRTD:pdblkup.obj
 0003:000029a8       ??_C@_1BK@JHLNAEJL@?$AAa?$AAd?$AAv?$AAa?$AAp?$AAi?$AA3?$AA2?$AA?4?$AAd?$AAl?$AAl@ 00000001400289a8     MSVCRTD:pdblkup.obj
 0003:000029c8       ??_C@_0O@COHOBMLB@RegOpenKeyExW@ 00000001400289c8     MSVCRTD:pdblkup.obj
 0003:000029d8       ??_C@_0BB@GLNAEDBD@RegQueryValueExW@ 00000001400289d8     MSVCRTD:pdblkup.obj
 0003:000029f0       ??_C@_0M@HLOHPNFA@RegCloseKey@ 00000001400289f0     MSVCRTD:pdblkup.obj
 0003:00002a00       ??_C@_1HE@EBEAGLFB@?$AAS?$AAO?$AAF?$AAT?$AAW?$AAA?$AAR?$AAE?$AA?2?$AAW?$AAo?$AAw?$AA6?$AA4?$AA3@ 0000000140028a00     MSVCRTD:pdblkup.obj
 0003:00002a90       ??_C@_1BG@EABPBLLF@?$AAP?$AAr?$AAo?$AAd?$AAu?$AAc?$AAt?$AAD?$AAi?$AAr@ 0000000140028a90     MSVCRTD:pdblkup.obj
 0003:00002ad8       ??_C@_1BC@JINFINNJ@?$AAM?$AAS?$AAP?$AAD?$AAB?$AA1?$AA4?$AA0@ 0000000140028ad8     MSVCRTD:pdblkup.obj
 0003:00002af0       ??_C@_0BB@KCIACLNC@PDBOpenValidate5@ 0000000140028af0     MSVCRTD:pdblkup.obj
 0003:00002b04       ??_C@_01KDCPPGHE@r@        0000000140028b04     MSVCRTD:pdblkup.obj
 0003:00002b10       _load_config_used          0000000140028b10     MSVCRTD:loadcfg.obj
 0003:00002e80       __CastGuardVftablesStart   0000000140028e80     MSVCRTD:guard_support.obj
 0003:00003080       __CastGuardVftablesEnd     0000000140029080     MSVCRTD:guard_support.obj
 0003:00003398       __rtc_iaa                  0000000140029398     MSVCRTD:initsect.obj
 0003:00003620       __rtc_izz                  0000000140029620     MSVCRTD:initsect.obj
 0003:00003730       __rtc_taa                  0000000140029730     MSVCRTD:initsect.obj
 0003:000039b8       __rtc_tzz                  00000001400299b8     MSVCRTD:initsect.obj
 0004:00000000       ?__LINE__Var@?0??_Maklocwcs@std@@YAPEA_WPEB_W@Z@4JA 000000014002b000     main.obj
 0004:00000004       ?__LINE__Var@?0??present_encrypt@@9@9 000000014002b004     present.obj
 0004:00000008       ?__LINE__Var@?0??present_decrypt@@9@9 000000014002b008     present.obj
 0004:0000000c       ?__LINE__Var@?0??present_add_key@@9@9 000000014002b00c     present.obj
 0004:00000010       ?__LINE__Var@?0??present_substitution@@9@9 000000014002b010     present.obj
 0004:00000014       ?__LINE__Var@?0??present_permutation@@9@9 000000014002b014     present.obj
 0004:00000018       ?__LINE__Var@?0??present_encrypt_permutation@@9@9 000000014002b018     present.obj
 0004:0000001c       ?__LINE__Var@?0??present_decrypt_permutation@@9@9 000000014002b01c     present.obj
 0004:00000020       ?__LINE__Var@?0??present_update_key@@9@9 000000014002b020     present.obj
 0004:00000024       ?__LINE__Var@?0??present_update_encrypt_key@@9@9 000000014002b024     present.obj
 0004:00000028       ?__LINE__Var@?0??present_update_decrypt_key@@9@9 000000014002b028     present.obj
 0004:0000002c       ?__LINE__Var@?0??present_generate_decrypt_key@@9@9 000000014002b02c     present.obj
 0004:00000030       ?__LINE__Var@?0??present_rotate_key_left@@9@9 000000014002b030     present.obj
 0004:00000034       ?__LINE__Var@?0??present_rotate_key_right@@9@9 000000014002b034     present.obj
 0004:00000038       z_arrays                   000000014002b038     simon.obj
 0004:00000080       __security_cookie          000000014002b080     MSVCRTD:gs_cookie.obj
 0004:000000c0       __security_cookie_complement 000000014002b0c0     MSVCRTD:gs_cookie.obj
 0004:000000d8       ?_RTC_ErrorLevels@@3PAHA   000000014002b0d8     MSVCRTD:error.obj
 0004:000000f0       __scrt_native_dllmain_reason 000000014002b0f0     MSVCRTD:utility.obj
 0004:000000f4       __scrt_default_matherr     000000014002b0f4     MSVCRTD:matherr.obj
 0004:00000100       __isa_available            000000014002b100     MSVCRTD:cpu_disp.obj
 0004:00000104       __isa_enabled              000000014002b104     MSVCRTD:cpu_disp.obj
 0004:00000108       __memset_fast_string_threshold 000000014002b108     MSVCRTD:cpu_disp.obj
 0004:00000110       __memset_nt_threshold      000000014002b110     MSVCRTD:cpu_disp.obj
 0004:00000118       __isa_inverted             000000014002b118     MSVCRTD:cpu_disp.obj
 0004:00000128       __scrt_ucrt_dll_is_in_use  000000014002b128     MSVCRTD:ucrt_stubs.obj
 0004:00000250       _Avx2WmemEnabledWeakValue  000000014002b250     main.obj
 0004:00000258       ?_OptionsStorage@?1??__local_stdio_printf_options@@9@4_KA 000000014002b258     MSVCRTD:error.obj
 0004:00000918       __castguard_check_failure_user_handled_fptr 000000014002b918     MSVCRTD:guard_support.obj
 0004:00000928       __scrt_current_native_startup_state 000000014002b928     MSVCRTD:utility.obj
 0004:00000930       __scrt_native_startup_lock 000000014002b930     MSVCRTD:utility.obj
 0004:00000980       ?__type_info_root_node@@3U__type_info_node@@A 000000014002b980     MSVCRTD:tncleanup.obj
 0004:00000998       ?_OptionsStorage@?1??__local_stdio_scanf_options@@9@4_KA 000000014002b998     MSVCRTD:default_local_stdio_options.obj
 0004:000009a4       __scrt_debugger_hook_flag  000000014002b9a4     MSVCRTD:utility_desktop.obj
 0004:000009a8       __favor                    000000014002b9a8     MSVCRTD:cpu_disp.obj
 0004:000009ac       __avx10_version            000000014002b9ac     MSVCRTD:cpu_disp.obj
 0004:000009b8       __dyn_tls_dtor_callback    000000014002b9b8     <common>
 0004:000009d0       __dyn_tls_init_callback    000000014002b9d0     <common>
 0004:000009e4       __DebuggerCurrentSteppingThreadId 000000014002b9e4     <common>
 0006:00000000       __imp_GetCurrentProcess    000000014002f000     kernel32:KERNEL32.dll
 0006:00000008       __imp_K32GetProcessMemoryInfo 000000014002f008     kernel32:KERNEL32.dll
 0006:00000010       __imp_GetStartupInfoW      000000014002f010     kernel32:KERNEL32.dll
 0006:00000018       __imp_InitializeSListHead  000000014002f018     kernel32:KERNEL32.dll
 0006:00000020       __imp_GetSystemTimeAsFileTime 000000014002f020     kernel32:KERNEL32.dll
 0006:00000028       __imp_GetCurrentProcessId  000000014002f028     kernel32:KERNEL32.dll
 0006:00000030       __imp_QueryPerformanceCounter 000000014002f030     kernel32:KERNEL32.dll
 0006:00000038       __imp_GetProcAddress       000000014002f038     kernel32:KERNEL32.dll
 0006:00000040       __imp_FreeLibrary          000000014002f040     kernel32:KERNEL32.dll
 0006:00000048       __imp_VirtualQuery         000000014002f048     kernel32:KERNEL32.dll
 0006:00000050       __imp_GetProcessHeap       000000014002f050     kernel32:KERNEL32.dll
 0006:00000058       __imp_HeapFree             000000014002f058     kernel32:KERNEL32.dll
 0006:00000060       __imp_HeapAlloc            000000014002f060     kernel32:KERNEL32.dll
 0006:00000068       __imp_GetLastError         000000014002f068     kernel32:KERNEL32.dll
 0006:00000070       __imp_IsProcessorFeaturePresent 000000014002f070     kernel32:KERNEL32.dll
 0006:00000078       __imp_TerminateProcess     000000014002f078     kernel32:KERNEL32.dll
 0006:00000080       __imp_SetUnhandledExceptionFilter 000000014002f080     kernel32:KERNEL32.dll
 0006:00000088       __imp_UnhandledExceptionFilter 000000014002f088     kernel32:KERNEL32.dll
 0006:00000090       __imp_RtlVirtualUnwind     000000014002f090     kernel32:KERNEL32.dll
 0006:00000098       __imp_RtlLookupFunctionEntry 000000014002f098     kernel32:KERNEL32.dll
 0006:000000a0       __imp_RtlCaptureContext    000000014002f0a0     kernel32:KERNEL32.dll
 0006:000000a8       __imp_WideCharToMultiByte  000000014002f0a8     kernel32:KERNEL32.dll
 0006:000000b0       __imp_MultiByteToWideChar  000000014002f0b0     kernel32:KERNEL32.dll
 0006:000000b8       __imp_RaiseException       000000014002f0b8     kernel32:KERNEL32.dll
 0006:000000c0       __imp_IsDebuggerPresent    000000014002f0c0     kernel32:KERNEL32.dll
 0006:000000c8       __imp_GetCurrentThreadId   000000014002f0c8     kernel32:KERNEL32.dll
 0006:000000d0       __imp_GetModuleHandleW     000000014002f0d0     kernel32:KERNEL32.dll
 0006:000000d8       \177KERNEL32_NULL_THUNK_DATA 000000014002f0d8     kernel32:KERNEL32.dll
 0006:00000158       __imp_?cout@std@@3V?$basic_ostream@DU?$char_traits@D@std@@@1@A 000000014002f158     msvcprtd:MSVCP140D.dll
 0006:00000160       __imp_?setw@std@@YA?AU?$_Smanip@_J@1@_J@Z 000000014002f160     msvcprtd:MSVCP140D.dll
 0006:00000168       __imp_?flush@?$basic_ostream@DU?$char_traits@D@std@@@std@@QEAAAEAV12@XZ 000000014002f168     msvcprtd:MSVCP140D.dll
 0006:00000170       __imp_??6?$basic_ostream@DU?$char_traits@D@std@@@std@@QEAAAEAV01@_K@Z 000000014002f170     msvcprtd:MSVCP140D.dll
 0006:00000178       __imp_?_Osfx@?$basic_ostream@DU?$char_traits@D@std@@@std@@QEAAXXZ 000000014002f178     msvcprtd:MSVCP140D.dll
 0006:00000180       __imp_?fill@?$basic_ios@DU?$char_traits@D@std@@@std@@QEBADXZ 000000014002f180     msvcprtd:MSVCP140D.dll
 0006:00000188       __imp_?rdbuf@?$basic_ios@DU?$char_traits@D@std@@@std@@QEBAPEAV?$basic_streambuf@DU?$char_traits@D@std@@@2@XZ 000000014002f188     msvcprtd:MSVCP140D.dll
 0006:00000190       __imp_?tie@?$basic_ios@DU?$char_traits@D@std@@@std@@QEBAPEAV?$basic_ostream@DU?$char_traits@D@std@@@2@XZ 000000014002f190     msvcprtd:MSVCP140D.dll
 0006:00000198       __imp_?setstate@?$basic_ios@DU?$char_traits@D@std@@@std@@QEAAXH_N@Z 000000014002f198     msvcprtd:MSVCP140D.dll
 0006:000001a0       __imp_?uncaught_exception@std@@YA_NXZ 000000014002f1a0     msvcprtd:MSVCP140D.dll
 0006:000001a8       __imp__Query_perf_counter  000000014002f1a8     msvcprtd:MSVCP140D.dll
 0006:000001b0       __imp__Query_perf_frequency 000000014002f1b0     msvcprtd:MSVCP140D.dll
 0006:000001b8       __imp_?_Getcvt@_Locinfo@std@@QEBA?AU_Cvtvec@@XZ 000000014002f1b8     msvcprtd:MSVCP140D.dll
 0006:000001c0       __imp_?_W_Getdays@_Locinfo@std@@QEBAPEBGXZ 000000014002f1c0     msvcprtd:MSVCP140D.dll
 0006:000001c8       __imp_?_W_Getmonths@_Locinfo@std@@QEBAPEBGXZ 000000014002f1c8     msvcprtd:MSVCP140D.dll
 0006:000001d0       __imp_?good@ios_base@std@@QEBA_NXZ 000000014002f1d0     msvcprtd:MSVCP140D.dll
 0006:000001d8       __imp_?flags@ios_base@std@@QEBAHXZ 000000014002f1d8     msvcprtd:MSVCP140D.dll
 0006:000001e0       __imp_?width@ios_base@std@@QEBA_JXZ 000000014002f1e0     msvcprtd:MSVCP140D.dll
 0006:000001e8       __imp_?width@ios_base@std@@QEAA_J_J@Z 000000014002f1e8     msvcprtd:MSVCP140D.dll
 0006:000001f0       __imp_?sputc@?$basic_streambuf@DU?$char_traits@D@std@@@std@@QEAAHD@Z 000000014002f1f0     msvcprtd:MSVCP140D.dll
 0006:000001f8       __imp_?sputn@?$basic_streambuf@DU?$char_traits@D@std@@@std@@QEAA_JPEBD_J@Z 000000014002f1f8     msvcprtd:MSVCP140D.dll
 0006:00000200       __imp_?_Xbad_alloc@std@@YAXXZ 000000014002f200     msvcprtd:MSVCP140D.dll
 0006:00000208       \177MSVCP140D_NULL_THUNK_DATA 000000014002f208     msvcprtd:MSVCP140D.dll
 0006:00000280       __imp___current_exception_context 000000014002f280     vcruntimed:VCRUNTIME140D.dll
 0006:00000288       __imp___current_exception  000000014002f288     vcruntimed:VCRUNTIME140D.dll
 0006:00000290       __imp___std_type_info_destroy_list 000000014002f290     vcruntimed:VCRUNTIME140D.dll
 0006:00000298       __imp_memcpy               000000014002f298     vcruntimed:VCRUNTIME140D.dll
 0006:000002a0       __imp___vcrt_GetModuleHandleW 000000014002f2a0     vcruntimed:VCRUNTIME140D.dll
 0006:000002a8       __imp___vcrt_GetModuleFileNameW 000000014002f2a8     vcruntimed:VCRUNTIME140D.dll
 0006:000002b0       __imp___C_specific_handler 000000014002f2b0     vcruntimed:VCRUNTIME140D.dll
 0006:000002b8       __imp___C_specific_handler_noexcept 000000014002f2b8     vcruntimed:VCRUNTIME140D.dll
 0006:000002c0       __imp___vcrt_LoadLibraryExW 000000014002f2c0     vcruntimed:VCRUNTIME140D.dll
 0006:000002c8       \177VCRUNTIME140D_NULL_THUNK_DATA 000000014002f2c8     vcruntimed:VCRUNTIME140D.dll
 0006:00000328       __imp___CxxFrameHandler4   000000014002f328     vcruntimed:VCRUNTIME140_1D.dll
 0006:00000330       \177VCRUNTIME140_1D_NULL_THUNK_DATA 000000014002f330     vcruntimed:VCRUNTIME140_1D.dll
 0006:00000388       __imp__register_thread_local_exe_atexit_callback 000000014002f388     ucrtd:ucrtbased.dll
 0006:00000390       __imp___p__commode         000000014002f390     ucrtd:ucrtbased.dll
 0006:00000398       __imp__wmakepath_s         000000014002f398     ucrtd:ucrtbased.dll
 0006:000003a0       __imp__wsplitpath_s        000000014002f3a0     ucrtd:ucrtbased.dll
 0006:000003a8       __imp_wcscpy_s             000000014002f3a8     ucrtd:ucrtbased.dll
 0006:000003b0       __imp__seh_filter_dll      000000014002f3b0     ucrtd:ucrtbased.dll
 0006:000003b8       __imp__initialize_onexit_table 000000014002f3b8     ucrtd:ucrtbased.dll
 0006:000003c0       __imp__register_onexit_function 000000014002f3c0     ucrtd:ucrtbased.dll
 0006:000003c8       __imp__execute_onexit_table 000000014002f3c8     ucrtd:ucrtbased.dll
 0006:000003d0       __imp__crt_atexit          000000014002f3d0     ucrtd:ucrtbased.dll
 0006:000003d8       __imp__crt_at_quick_exit   000000014002f3d8     ucrtd:ucrtbased.dll
 0006:000003e0       __imp_terminate            000000014002f3e0     ucrtd:ucrtbased.dll
 0006:000003e8       __imp__c_exit              000000014002f3e8     ucrtd:ucrtbased.dll
 0006:000003f0       __imp__cexit               000000014002f3f0     ucrtd:ucrtbased.dll
 0006:000003f8       __imp___p___argv           000000014002f3f8     ucrtd:ucrtbased.dll
 0006:00000400       __imp___p___argc           000000014002f400     ucrtd:ucrtbased.dll
 0006:00000408       __imp__set_fmode           000000014002f408     ucrtd:ucrtbased.dll
 0006:00000410       __imp__exit                000000014002f410     ucrtd:ucrtbased.dll
 0006:00000418       __imp_exit                 000000014002f418     ucrtd:ucrtbased.dll
 0006:00000420       __imp__initterm_e          000000014002f420     ucrtd:ucrtbased.dll
 0006:00000428       __imp__initterm            000000014002f428     ucrtd:ucrtbased.dll
 0006:00000430       __imp__get_initial_narrow_environment 000000014002f430     ucrtd:ucrtbased.dll
 0006:00000438       __imp__configure_narrow_argv 000000014002f438     ucrtd:ucrtbased.dll
 0006:00000440       __imp___setusermatherr     000000014002f440     ucrtd:ucrtbased.dll
 0006:00000448       __imp__set_app_type        000000014002f448     ucrtd:ucrtbased.dll
 0006:00000450       __imp__seh_filter_exe      000000014002f450     ucrtd:ucrtbased.dll
 0006:00000458       __imp___stdio_common_vsprintf_s 000000014002f458     ucrtd:ucrtbased.dll
 0006:00000460       __imp_strcat_s             000000014002f460     ucrtd:ucrtbased.dll
 0006:00000468       __imp_strcpy_s             000000014002f468     ucrtd:ucrtbased.dll
 0006:00000470       __imp__CrtDbgReportW       000000014002f470     ucrtd:ucrtbased.dll
 0006:00000478       __imp__CrtDbgReport        000000014002f478     ucrtd:ucrtbased.dll
 0006:00000480       __imp_strlen               000000014002f480     ucrtd:ucrtbased.dll
 0006:00000488       __imp_wcslen               000000014002f488     ucrtd:ucrtbased.dll
 0006:00000490       __imp__calloc_dbg          000000014002f490     ucrtd:ucrtbased.dll
 0006:00000498       __imp__configthreadlocale  000000014002f498     ucrtd:ucrtbased.dll
 0006:000004a0       __imp__set_new_mode        000000014002f4a0     ucrtd:ucrtbased.dll
 0006:000004a8       __imp__initialize_narrow_environment 000000014002f4a8     ucrtd:ucrtbased.dll
 0006:000004b0       \177ucrtbased_NULL_THUNK_DATA 000000014002f4b0     ucrtd:ucrtbased.dll
 0006:00000540       __IMPORT_DESCRIPTOR_KERNEL32 000000014002f540     kernel32:KERNEL32.dll
 0006:00000554       __IMPORT_DESCRIPTOR_MSVCP140D 000000014002f554     msvcprtd:MSVCP140D.dll
 0006:00000568       __IMPORT_DESCRIPTOR_VCRUNTIME140D 000000014002f568     vcruntimed:VCRUNTIME140D.dll
 0006:0000057c       __IMPORT_DESCRIPTOR_VCRUNTIME140_1D 000000014002f57c     vcruntimed:VCRUNTIME140_1D.dll
 0006:00000590       __IMPORT_DESCRIPTOR_ucrtbased 000000014002f590     ucrtd:ucrtbased.dll
 0006:000005a4       __NULL_IMPORT_DESCRIPTOR   000000014002f5a4     kernel32:KERNEL32.dll
 0008:00000000       __guard_check_icall_fptr   0000000140032000     MSVCRTD:guard_support.obj
 0008:00000010       __guard_xfg_check_icall_fptr 0000000140032010     MSVCRTD:guard_support.obj
 0008:00000020       __guard_dispatch_icall_fptr 0000000140032020     MSVCRTD:guard_support.obj
 0008:00000030       __guard_xfg_dispatch_icall_fptr 0000000140032030     MSVCRTD:guard_support.obj
 0008:00000040       __guard_xfg_table_dispatch_icall_fptr 0000000140032040     MSVCRTD:guard_support.obj
 0008:00000050       __castguard_check_failure_os_handled_fptr 0000000140032050     MSVCRTD:guard_support.obj
 0008:00000060       __guard_memcpy_fptr        0000000140032060     vcruntimed:softmemtag.obj

 entry point at        0002:000003d9

 Static symbols

 0000:00000000       _volmd                     0000000140000000     aead.obj
 0000:00000000       _volmd                     0000000140000000     aead.obj
 0000:00000000       _volmd                     0000000140000000     aead.obj
 0000:00000000       _volmd                     0000000140000000     aead.obj
 0000:00000000       _volmd                     0000000140000000     aes.obj
 0000:00000000       _volmd                     0000000140000000     aes.obj
 0000:00000000       _volmd                     0000000140000000     main.obj
 0000:00000000       _volmd                     0000000140000000     main.obj
 0000:00000000       _volmd                     0000000140000000     main.obj
 0000:00000000       _volmd                     0000000140000000     main.obj
 0000:00000000       _volmd                     0000000140000000     main.obj
 0000:00000000       _volmd                     0000000140000000     main.obj
 0000:00000000       _volmd                     0000000140000000     main.obj
 0000:00000000       _volmd                     0000000140000000     main.obj
 0000:00000000       _volmd                     0000000140000000     main.obj
 0000:00000000       _volmd                     0000000140000000     main.obj
 0000:00000000       _volmd                     0000000140000000     present.obj
 0000:00000000       _volmd                     0000000140000000     present.obj
 0000:00000000       _volmd                     0000000140000000     present.obj
 0000:00000000       _volmd                     0000000140000000     present.obj
 0000:00000000       _volmd                     0000000140000000     simon.obj
 0000:00000000       _volmd                     0000000140000000     simon.obj
 0000:00000000       _volmd                     0000000140000000     simon.obj
 0000:00000000       _volmd                     0000000140000000     simon.obj
 0000:00000000       _volmd                     0000000140000000     simon.obj
 0000:00000000       _volmd                     0000000140000000     speck.obj
 0000:00000000       _volmd                     0000000140000000     speck.obj
 0000:00000000       _volmd                     0000000140000000     speck.obj
 0000:00000000       _volmd                     0000000140000000     speck.obj
 0000:00000000       _volmd                     0000000140000000     speck.obj
 0000:fffcb000       .debug$S                   0000000140000000     ucrtd:ucrtbased.dll
 0000:fffcb000       .debug$S                   0000000140000000     ucrtd:ucrtbased.dll
 0000:fffcb000       .debug$S                   0000000140000000     ucrtd:ucrtbased.dll
 0000:fffcb000       .debug$S                   0000000140000000     ucrtd:ucrtbased.dll
 0000:fffcb000       .debug$S                   0000000140000000     ucrtd:ucrtbased.dll
 0000:fffcb000       .debug$S                   0000000140000000     ucrtd:ucrtbased.dll
 0000:fffcb000       .debug$S                   0000000140000000     ucrtd:ucrtbased.dll
 0000:fffcb000       .debug$S                   0000000140000000     ucrtd:ucrtbased.dll
 0000:fffcb000       .debug$S                   0000000140000000     ucrtd:ucrtbased.dll
 0000:fffcb000       .debug$S                   0000000140000000     ucrtd:ucrtbased.dll
 0000:fffcb000       .debug$S                   0000000140000000     ucrtd:ucrtbased.dll
 0000:fffcb000       .debug$S                   0000000140000000     ucrtd:ucrtbased.dll
 0000:fffcb000       .debug$S                   0000000140000000     ucrtd:ucrtbased.dll
 0000:fffcb000       .debug$S                   0000000140000000     ucrtd:ucrtbased.dll
 0000:fffcb000       .debug$S                   0000000140000000     ucrtd:ucrtbased.dll
 0000:fffcb000       .debug$S                   0000000140000000     ucrtd:ucrtbased.dll
 0000:fffcb000       .debug$S                   0000000140000000     ucrtd:ucrtbased.dll
 0000:fffcb000       .debug$S                   0000000140000000     ucrtd:ucrtbased.dll
 0000:fffcb000       .debug$S                   0000000140000000     ucrtd:ucrtbased.dll
 0000:fffcb000       .debug$S                   0000000140000000     ucrtd:ucrtbased.dll
 0000:fffcb000       .debug$S                   0000000140000000     ucrtd:ucrtbased.dll
 0000:fffcb000       .debug$S                   0000000140000000     ucrtd:ucrtbased.dll
 0000:fffcb000       .debug$S                   0000000140000000     ucrtd:ucrtbased.dll
 0000:fffcb000       .debug$S                   0000000140000000     ucrtd:ucrtbased.dll
 0000:fffcb000       .debug$S                   0000000140000000     ucrtd:ucrtbased.dll
 0000:fffcb000       .debug$S                   0000000140000000     ucrtd:ucrtbased.dll
 0000:fffcb000       .debug$S                   0000000140000000     ucrtd:ucrtbased.dll
 0000:fffcb000       .debug$S                   0000000140000000     ucrtd:ucrtbased.dll
 0000:fffcb000       .debug$S                   0000000140000000     ucrtd:ucrtbased.dll
 0000:fffcb000       .debug$S                   0000000140000000     ucrtd:ucrtbased.dll
 0000:fffcb000       .debug$S                   0000000140000000     ucrtd:ucrtbased.dll
 0000:fffcb000       .debug$S                   0000000140000000     ucrtd:ucrtbased.dll
 0000:fffcb000       .debug$S                   0000000140000000     ucrtd:ucrtbased.dll
 0000:fffcb000       .debug$S                   0000000140000000     ucrtd:ucrtbased.dll
 0000:fffcb000       .debug$S                   0000000140000000     ucrtd:ucrtbased.dll
 0000:fffcb000       .debug$S                   0000000140000000     ucrtd:ucrtbased.dll
 0000:fffcb000       .debug$S                   0000000140000000     ucrtd:ucrtbased.dll
 0000:fffcb000       .debug$S                   0000000140000000     kernel32:KERNEL32.dll
 0000:fffcb000       .debug$S                   0000000140000000     kernel32:KERNEL32.dll
 0000:fffcb000       .debug$S                   0000000140000000     kernel32:KERNEL32.dll
 0000:fffcb000       .debug$S                   0000000140000000     kernel32:KERNEL32.dll
 0000:fffcb000       .debug$S                   0000000140000000     kernel32:KERNEL32.dll
 0000:fffcb000       .debug$S                   0000000140000000     kernel32:KERNEL32.dll
 0000:fffcb000       .debug$S                   0000000140000000     kernel32:KERNEL32.dll
 0000:fffcb000       .debug$S                   0000000140000000     kernel32:KERNEL32.dll
 0000:fffcb000       .debug$S                   0000000140000000     kernel32:KERNEL32.dll
 0000:fffcb000       .debug$S                   0000000140000000     kernel32:KERNEL32.dll
 0000:fffcb000       .debug$S                   0000000140000000     kernel32:KERNEL32.dll
 0000:fffcb000       .debug$S                   0000000140000000     kernel32:KERNEL32.dll
 0000:fffcb000       .debug$S                   0000000140000000     kernel32:KERNEL32.dll
 0000:fffcb000       .debug$S                   0000000140000000     kernel32:KERNEL32.dll
 0000:fffcb000       .debug$S                   0000000140000000     kernel32:KERNEL32.dll
 0000:fffcb000       .debug$S                   0000000140000000     kernel32:KERNEL32.dll
 0000:fffcb000       .debug$S                   0000000140000000     kernel32:KERNEL32.dll
 0000:fffcb000       .debug$S                   0000000140000000     kernel32:KERNEL32.dll
 0000:fffcb000       .debug$S                   0000000140000000     kernel32:KERNEL32.dll
 0000:fffcb000       .debug$S                   0000000140000000     kernel32:KERNEL32.dll
 0000:fffcb000       .debug$S                   0000000140000000     kernel32:KERNEL32.dll
 0000:fffcb000       .debug$S                   0000000140000000     kernel32:KERNEL32.dll
 0000:fffcb000       .debug$S                   0000000140000000     kernel32:KERNEL32.dll
 0000:fffcb000       .debug$S                   0000000140000000     kernel32:KERNEL32.dll
 0000:fffcb000       .debug$S                   0000000140000000     kernel32:KERNEL32.dll
 0000:fffcb000       .debug$S                   0000000140000000     kernel32:KERNEL32.dll
 0000:fffcb000       .debug$S                   0000000140000000     kernel32:KERNEL32.dll
 0000:00000000       _volmd                     0000000140000000     MSVCRTD:cpu_disp.obj
 0000:fffcf000       __guard_ehcont_?notify_debugger@@YAXAEBUtagEXCEPTION_VISUALCPP_DEBUG_INFO@@@Z 0000000140000000     MSVCRTD:error.obj
 0000:fffcf000       __guard_ehcont_?__scrt_common_main_seh@@YAHXZ 0000000140000000     MSVCRTD:exe_main.obj
 0000:fffcf000       __guard_fids_?pre_c_initialization@@YAHXZ 0000000140000000     MSVCRTD:exe_main.obj
 0000:fffcf000       __guard_fids__             0000000140000000     MSVCRTD:exe_main.obj
 0000:00000000       _volmd                     0000000140000000     MSVCRTD:gs_report.obj
 0000:00000000       _volmd                     0000000140000000     MSVCRTD:gs_report.obj
 0000:00000000       _volmd                     0000000140000000     MSVCRTD:gs_report.obj
 0000:fffcf000       __guard_fids__             0000000140000000     MSVCRTD:guard_support.obj
 0000:fffcf000       __guard_fids__             0000000140000000     MSVCRTD:guard_support.obj
 0000:fffcf000       __guard_fids__guard_icall_checks_enforced 0000000140000000     MSVCRTD:guard_support.obj
 0000:00000000       _volmd                     0000000140000000     MSVCRTD:guard_support.obj
 0000:00000000       _volmd                     0000000140000000     MSVCRTD:guard_support.obj
 0000:fffcf000       __guard_fids__CRT_RTC_INIT 0000000140000000     MSVCRTD:init.obj
 0000:fffcf000       __guard_fids__CRT_RTC_INITW 0000000140000000     MSVCRTD:init.obj
 0003:fffda000       $unwind$?configure_argv@__scrt_narrow_argv_policy@@SAHXZ 0000000140000000     MSVCRTD:utility.obj
 0003:fffda000       $unwind$?initialize_environment@__scrt_narrow_environment_policy@@SAHXZ 0000000140000000     MSVCRTD:utility.obj
 0000:fffcf000       __guard_ehcont___scrt_is_nonwritable_in_current_image 0000000140000000     MSVCRTD:utility.obj
 0000:00000000       _volmd                     0000000140000000     MSVCRTD:utility.obj
 0000:00000000       _volmd                     0000000140000000     MSVCRTD:utility.obj
 0000:00000000       _volmd                     0000000140000000     MSVCRTD:utility.obj
 0000:fffcf000       __guard_fids___scrt_set_unhandled_exception_filter 0000000140000000     MSVCRTD:utility_desktop.obj
 0000:00000000       _volmd                     0000000140000000     MSVCRTD:utility_desktop.obj
 0000:fffcb000       .debug$S                   0000000140000000     msvcprtd:MSVCP140D.dll
 0000:fffcb000       .debug$S                   0000000140000000     msvcprtd:MSVCP140D.dll
 0000:fffcb000       .debug$S                   0000000140000000     msvcprtd:MSVCP140D.dll
 0000:fffcb000       .debug$S                   0000000140000000     msvcprtd:MSVCP140D.dll
 0000:fffcb000       .debug$S                   0000000140000000     msvcprtd:MSVCP140D.dll
 0000:fffcb000       .debug$S                   0000000140000000     msvcprtd:MSVCP140D.dll
 0000:fffcb000       .debug$S                   0000000140000000     msvcprtd:MSVCP140D.dll
 0000:fffcb000       .debug$S                   0000000140000000     msvcprtd:MSVCP140D.dll
 0000:fffcb000       .debug$S                   0000000140000000     msvcprtd:MSVCP140D.dll
 0000:fffcb000       .debug$S                   0000000140000000     msvcprtd:MSVCP140D.dll
 0000:fffcb000       .debug$S                   0000000140000000     msvcprtd:MSVCP140D.dll
 0000:fffcb000       .debug$S                   0000000140000000     msvcprtd:MSVCP140D.dll
 0000:fffcb000       .debug$S                   0000000140000000     msvcprtd:MSVCP140D.dll
 0000:fffcb000       .debug$S                   0000000140000000     msvcprtd:MSVCP140D.dll
 0000:fffcb000       .debug$S                   0000000140000000     msvcprtd:MSVCP140D.dll
 0000:fffcb000       .debug$S                   0000000140000000     msvcprtd:MSVCP140D.dll
 0000:fffcb000       .debug$S                   0000000140000000     msvcprtd:MSVCP140D.dll
 0000:fffcb000       .debug$S                   0000000140000000     msvcprtd:MSVCP140D.dll
 0000:fffcb000       .debug$S                   0000000140000000     msvcprtd:MSVCP140D.dll
 0000:fffcb000       .debug$S                   0000000140000000     msvcprtd:MSVCP140D.dll
 0000:fffcb000       .debug$S                   0000000140000000     msvcprtd:MSVCP140D.dll
 0000:fffcb000       .debug$S                   0000000140000000     msvcprtd:MSVCP140D.dll
 0000:fffcf000       __guard_fids__             0000000140000000     vcruntimed:softmemtag.obj
 0000:fffcb000       .debug$S                   0000000140000000     vcruntimed:VCRUNTIME140D.dll
 0000:fffcb000       .debug$S                   0000000140000000     vcruntimed:VCRUNTIME140D.dll
 0000:fffcb000       .debug$S                   0000000140000000     vcruntimed:VCRUNTIME140D.dll
 0000:fffcb000       .debug$S                   0000000140000000     vcruntimed:VCRUNTIME140D.dll
 0000:fffcb000       .debug$S                   0000000140000000     vcruntimed:VCRUNTIME140D.dll
 0000:fffcb000       .debug$S                   0000000140000000     vcruntimed:VCRUNTIME140D.dll
 0000:fffcb000       .debug$S                   0000000140000000     vcruntimed:VCRUNTIME140D.dll
 0000:fffcb000       .debug$S                   0000000140000000     vcruntimed:VCRUNTIME140D.dll
 0000:fffcb000       .debug$S                   0000000140000000     vcruntimed:VCRUNTIME140D.dll
 0000:fffcb000       .debug$S                   0000000140000000     vcruntimed:VCRUNTIME140_1D.dll
 0000:fffcf004       __guard_fids__             0000000140000004     MSVCRTD:exe_main.obj
 0000:fffcf008       __guard_fids__             0000000140000008     MSVCRTD:exe_main.obj
 0002:00004330       ?getProcessMemoryKB@@YA_KXZ 0000000140015330 f   main.obj
 0002:000046e0       ?wrap_aes@@YAXPEBEPEAE0@Z  00000001400156e0 f   main.obj
 0002:000048f0       ?wrap_present@@YAXPEBEPEAE0@Z 00000001400158f0 f   main.obj
 0002:00004970       ?wrap_simon@@YAXPEBEPEAE0@Z 0000000140015970 f   main.obj
 0002:00004a90       ?wrap_speck@@YAXPEBEPEAE0@Z 0000000140015a90 f   main.obj
 0002:00005170       present_add_key            0000000140016170 f   present.obj
 0002:00005420       present_decrypt_permutation 0000000140016420 f   present.obj
 0002:00005ae0       present_encrypt_permutation 0000000140016ae0 f   present.obj
 0002:00005f10       present_generate_decrypt_key 0000000140016f10 f   present.obj
 0002:00005fb0       present_permutation        0000000140016fb0 f   present.obj
 0002:00006080       present_rotate_key_left    0000000140017080 f   present.obj
 0002:000062a0       present_rotate_key_right   00000001400172a0 f   present.obj
 0002:000064b0       present_substitution       00000001400174b0 f   present.obj
 0002:000066a0       present_update_decrypt_key 00000001400176a0 f   present.obj
 0002:00006880       present_update_encrypt_key 0000000140017880 f   present.obj
 0002:00006a60       present_update_key         0000000140017a60 f   present.obj
 0002:0000aab0       AddRoundKey                000000014001bab0 f   aes.obj
 0002:0000abb0       Cipher                     000000014001bbb0 f   aes.obj
 0002:0000aca0       InvCipher                  000000014001bca0 f   aes.obj
 0002:0000ad70       InvMixColumns              000000014001bd70 f   aes.obj
 0002:0000bd90       InvShiftRows               000000014001cd90 f   aes.obj
 0002:0000c210       InvSubBytes                000000014001d210 f   aes.obj
 0002:0000c2d0       KeyExpansion               000000014001d2d0 f   aes.obj
 0002:0000c800       MixColumns                 000000014001d800 f   aes.obj
 0002:0000cbd0       ShiftRows                  000000014001dbd0 f   aes.obj
 0002:0000d050       SubBytes                   000000014001e050 f   aes.obj
 0002:0000d110       XorWithIv                  000000014001e110 f   aes.obj
 0002:0000d1b0       xtime                      000000014001e1b0 f   aes.obj
 0002:0000d6f0       $$000000                   000000014001e6f0     MSVCRTD:amdsecgs.obj
 0002:0000d800       ?DebuggerProbe@@YA_NK@Z    000000014001e800 f   MSVCRTD:error.obj
 0002:0000d850       ?DebuggerRuntime@@YA_NKHPEAXPEB_W@Z 000000014001e850 f   MSVCRTD:error.obj
 0002:0000dbe0       ?_getMemBlockDataString@@YAXPEAD0PEBD_K@Z 000000014001ebe0 f   MSVCRTD:error.obj
 0002:0000dce0       ?_strlen_priv@@YA_KPEBD@Z  000000014001ece0 f   MSVCRTD:error.obj
 0002:0000dd00       ?failwithmessage@@YAXPEAXHHPEBD@Z 000000014001ed00 f   MSVCRTD:error.obj
 0002:0000e000       ?notify_debugger@@YAXAEBUtagEXCEPTION_VISUALCPP_DEBUG_INFO@@@Z 000000014001f000 f   MSVCRTD:error.obj
 0002:0000e1f0       ?pre_c_initialization@@YAHXZ 000000014001f1f0 f   MSVCRTD:exe_main.obj
 0002:0000e2e0       ?post_pgo_initialization@@YAHXZ 000000014001f2e0 f   MSVCRTD:exe_main.obj
 0002:0000e300       ?pre_cpp_initialization@@YAXXZ 000000014001f300 f   MSVCRTD:exe_main.obj
 0002:0000e330       ?__scrt_common_main@@YAHXZ 000000014001f330 f   MSVCRTD:exe_main.obj
 0002:0000e350       ?__scrt_common_main_seh@@YAHXZ 000000014001f350 f   MSVCRTD:exe_main.obj
 0002:0000e5a0       ?invoke_main@@YAHXZ        000000014001f5a0 f   MSVCRTD:exe_main.obj
 0002:0000eaf0       capture_current_context    000000014001faf0 f   MSVCRTD:gs_report.obj
 0002:0000ebb0       capture_previous_context   000000014001fbb0 f   MSVCRTD:gs_report.obj
 0002:0000ec90       ?GetPdbDll@@YAPEAUHINSTANCE__@@XZ 000000014001fc90 f   MSVCRTD:pdblkup.obj
 0002:0000ee50       ?GetPdbDllFromInstallPath@@YAPEAUHINSTANCE__@@XZ 000000014001fe50 f   MSVCRTD:pdblkup.obj
 0002:0000f1b0       ?GetPdbDllPathFromFilePath@@YAHPEB_WPEA_W_K@Z 00000001400201b0 f   MSVCRTD:pdblkup.obj
 0002:0000f8c0       __castguard_check_failure_os_handled_wrapper 00000001400208c0 f   MSVCRTD:guard_support.obj
 0002:0000f930       __castguard_check_failure_user_handled_wrapper 0000000140020930 f   MSVCRTD:guard_support.obj
 0002:0000f990       __castguard_compat_check   0000000140020990 f   MSVCRTD:guard_support.obj
 0002:0000fbe0       __castguard_slow_path_compat_check 0000000140020be0 f   MSVCRTD:guard_support.obj
 0002:0000fcd0       ?find_pe_section@@YAPEAU_IMAGE_SECTION_HEADER@@QEAE_K@Z 0000000140020cd0 f   MSVCRTD:utility.obj
 0002:0000fdd0       ?is_potentially_valid_image_base@@YA_NQEAX@Z 0000000140020dd0 f   MSVCRTD:utility.obj
 0002:000104f0       __get_entropy              00000001400214f0 f   MSVCRTD:gs_support.obj
 0002:00012c30       $$000000                   0000000140023c30     MSVCRTD:guard_dispatch.obj
 0002:00012c50       $$000000                   0000000140023c50     MSVCRTD:guard_xfg_dispatch.obj
 0002:00013c70       ?dtor$0@?0???$?6U?$char_traits@D@std@@@std@@YAAEAV?$basic_ostream@DU?$char_traits@D@std@@@0@AEAV10@PEBD@Z@4HA 0000000140024c70 f   main.obj
 0002:00013ca0       ?catch$1@?0???$?6U?$char_traits@D@std@@@std@@YAAEAV?$basic_ostream@DU?$char_traits@D@std@@@0@AEAV10@PEBD@Z@4HA 0000000140024ca0 f   main.obj
 0002:00013cb4       __catch$??$?6U?$char_traits@D@std@@@std@@YAAEAV?$basic_ostream@DU?$char_traits@D@std@@@0@AEAV10@PEBD@Z$0 0000000140024cb4 f   main.obj
 0002:00013d10       ?dtor$0@?0???0sentry@?$basic_ostream@DU?$char_traits@D@std@@@std@@QEAA@AEAV12@@Z@4HA 0000000140024d10 f   main.obj
 0002:00013d40       ?filt$0@?0??notify_debugger@@YAXAEBUtagEXCEPTION_VISUALCPP_DEBUG_INFO@@@Z@4HA 0000000140024d40 f   MSVCRTD:error.obj
 0002:00013d70       ?filt$0@?0??__scrt_common_main_seh@@YAHXZ@4HA 0000000140024d70 f   MSVCRTD:exe_main.obj
 0002:00013db0       __scrt_is_nonwritable_in_current_image$filt$0 0000000140024db0 f   MSVCRTD:utility.obj
 0003:00000110       ?pre_cpp_initializer@@3P6AXXZEA 0000000140026110     MSVCRTD:exe_main.obj
 0003:00000440       ?pre_c_initializer@@3P6AHXZEA 0000000140026440     MSVCRTD:exe_main.obj
 0003:00000550       ?post_pgo_initializer@@3P6AHXZEA 0000000140026550     MSVCRTD:exe_main.obj
 0003:00000bb0       ascon_aead_encrypt$rtcName$0 0000000140026bb0     aead.obj
 0003:00000bb4       ascon_aead_encrypt$rtcName$1 0000000140026bb4     aead.obj
 0003:00000bc0       ascon_aead_encrypt$rtcVarDesc 0000000140026bc0     aead.obj
 0003:00000c40       ascon_aead_encrypt$rtcFrameData 0000000140026c40     aead.obj
 0003:00000c70       ascon_aead_decrypt$rtcName$0 0000000140026c70     aead.obj
 0003:00000c74       ascon_aead_decrypt$rtcName$1 0000000140026c74     aead.obj
 0003:00000c80       ascon_aead_decrypt$rtcVarDesc 0000000140026c80     aead.obj
 0003:00000d00       ascon_aead_decrypt$rtcFrameData 0000000140026d00     aead.obj
 0003:00000d30       LOADBYTES$rtcName$0        0000000140026d30     aead.obj
 0003:00000d40       LOADBYTES$rtcVarDesc       0000000140026d40     aead.obj
 0003:00000d80       LOADBYTES$rtcFrameData     0000000140026d80     aead.obj
 0003:00000db0       STOREBYTES$rtcName$0       0000000140026db0     aead.obj
 0003:00000dc0       STOREBYTES$rtcVarDesc      0000000140026dc0     aead.obj
 0003:00000e00       STOREBYTES$rtcFrameData    0000000140026e00     aead.obj
 0003:00000e30       ROUND$rtcName$0            0000000140026e30     aead.obj
 0003:00000e40       ROUND$rtcVarDesc           0000000140026e40     aead.obj
 0003:00000e80       ROUND$rtcFrameData         0000000140026e80     aead.obj
 0003:00000eb0       ?_Valid_strftime_specifiers@std@@3QBDB 0000000140026eb0     main.obj
 0003:00000ee0       ?mems@@3QBUMemUsage@@B     0000000140026ee0     main.obj
 0003:00001010       ?getProcessMemoryKB@@YA_KXZ$rtcName$0 0000000140027010     main.obj
 0003:00001020       ?getProcessMemoryKB@@YA_KXZ$rtcVarDesc 0000000140027020     main.obj
 0003:00001060       ?getProcessMemoryKB@@YA_KXZ$rtcFrameData 0000000140027060     main.obj
 0003:00001090       ?wrap_ascon@@YAXPEBEPEAE0@Z$rtcName$0 0000000140027090     main.obj
 0003:00001098       ?wrap_ascon@@YAXPEBEPEAE0@Z$rtcName$1 0000000140027098     main.obj
 0003:000010a0       ?wrap_ascon@@YAXPEBEPEAE0@Z$rtcVarDesc 00000001400270a0     main.obj
 0003:00001120       ?wrap_ascon@@YAXPEBEPEAE0@Z$rtcFrameData 0000000140027120     main.obj
 0003:00001150       ?wrap_simon@@YAXPEBEPEAE0@Z$rtcName$0 0000000140027150     main.obj
 0003:00001160       ?wrap_simon@@YAXPEBEPEAE0@Z$rtcVarDesc 0000000140027160     main.obj
 0003:000011a0       ?wrap_simon@@YAXPEBEPEAE0@Z$rtcFrameData 00000001400271a0     main.obj
 0003:000011d0       ?wrap_speck@@YAXPEBEPEAE0@Z$rtcName$0 00000001400271d0     main.obj
[...]
 0007:000000af       __971D2670___msvc_chrono@hpp 00000001400310af     main.obj
 0007:000000b0       __489397B0_chrono          00000001400310b0     main.obj
 0007:000000b1       __B0A03472_crypto_aead@h   00000001400310b1     main.obj
 0007:000000b2       __9165C8C7_conf@h          00000001400310b2     main.obj
 0007:000000b3       __99DF07F6_stdbool@h       00000001400310b3     main.obj
 0007:000000b4       __D738928E_id@h            00000001400310b4     main.obj
 0007:000000b5       __CE4130CC_macros@h        00000001400310b5     main.obj
 0007:000000b6       __F98987B6_present@h       00000001400310b6     main.obj
 0007:000000b7       __707727BD_cipher_constants@h 00000001400310b7     main.obj
 0007:000000b8       __21D2D9AF_simon@h         00000001400310b8     main.obj
 0007:000000b9       __7966BC6E_speck@h         00000001400310b9     main.obj
 0007:000000ba       __40EE7DFE_aes@h           00000001400310ba     main.obj
 0007:000000bb       __4C2AD0C7_winpackagefamily@h 00000001400310bb     main.obj
 0007:000000bc       __9DED9ED1_winapifamily@h  00000001400310bc     main.obj
 0007:000000bd       __12FEDF4E_sdkddkver@h     00000001400310bd     main.obj
 0007:000000be       __456F5FC9_excpt@h         00000001400310be     main.obj
 0007:000000bf       __60662163_stdarg@h        00000001400310bf     main.obj
 0007:000000c0       __6B04FCB3_specstrings_undef@h 00000001400310c0     main.obj
 0007:000000c1       __F4027AF7_specstrings_strict@h 00000001400310c1     main.obj
 0007:000000c2       __B90340D4_sdv_driverspecs@h 00000001400310c2     main.obj
 0007:000000c3       __BFFF5AD3_driverspecs@h   00000001400310c3     main.obj
 0007:000000c4       __32847078_specstrings@h   00000001400310c4     main.obj
 0007:000000c5       __30902A1F_kernelspecs@h   00000001400310c5     main.obj
 0007:000000c6       __376FD5CA_basetsd@h       00000001400310c6     main.obj
 0007:000000c7       __9BEDF4DE_guiddef@h       00000001400310c7     main.obj
 0007:000000c8       __51BFD2FE_pshpack4@h      00000001400310c8     main.obj
 0007:000000c9       __31652CEA_poppack@h       00000001400310c9     main.obj
 0007:000000ca       __5532AE4C_pshpack2@h      00000001400310ca     main.obj
 0007:000000cb       __58A52B9A_pshpack8@h      00000001400310cb     main.obj
 0007:000000cc       __57741015_pshpack1@h      00000001400310cc     main.obj
 0007:000000cd       __CDE68C90_apiset@h        00000001400310cd     main.obj
 0007:000000ce       __0BF06E8D_ktmtypes@h      00000001400310ce     main.obj
 0007:000000cf       __40C200C0_winnt@h         00000001400310cf     main.obj
 0007:000000d0       __9336F789_minwindef@h     00000001400310d0     main.obj
 0007:000000d1       __55136115_windef@h        00000001400310d1     main.obj
 0007:000000d2       __32205BF0_apisetcconv@h   00000001400310d2     main.obj
 0007:000000d3       __B48FDEA0_minwinbase@h    00000001400310d3     main.obj
 0007:000000d4       __3551B028_apiquery2@h     00000001400310d4     main.obj
 0007:000000d5       __65BE04AA_processenv@h    00000001400310d5     main.obj
 0007:000000d6       __4767CA46_fileapi@h       00000001400310d6     main.obj
 0007:000000d7       __282E6C4B_fileapifromapp@h 00000001400310d7     main.obj
 0007:000000d8       __393AF12C_debugapi@h      00000001400310d8     main.obj
 0007:000000d9       __EBC502B8_utilapiset@h    00000001400310d9     main.obj
 0007:000000da       __1EAD8C69_handleapi@h     00000001400310da     main.obj
 0007:000000db       __D8EF9B29_errhandlingapi@h 00000001400310db     main.obj
 0007:000000dc       __97FC1204_fibersapi@h     00000001400310dc     main.obj
 0007:000000dd       __27448220_namedpipeapi@h  00000001400310dd     main.obj
 0007:000000de       __6EA33B2A_profileapi@h    00000001400310de     main.obj
 0007:000000df       __EAC6F673_heapapi@h       00000001400310df     main.obj
 0007:000000e0       __D64EEA5A_ioapiset@h      00000001400310e0     main.obj
 0007:000000e1       __144BD4B6_synchapi@h      00000001400310e1     main.obj
 0007:000000e2       __03B1C640_interlockedapi@h 00000001400310e2     main.obj
 0007:000000e3       __DC64CB38_processthreadsapi@h 00000001400310e3     main.obj
 0007:000000e4       __D719B518_sysinfoapi@h    00000001400310e4     main.obj
 0007:000000e5       __410385B1_memoryapi@h     00000001400310e5     main.obj
 0007:000000e6       __C1AD45EF_enclaveapi@h    00000001400310e6     main.obj
 0007:000000e7       __F4C3AA32_threadpoollegacyapiset@h 00000001400310e7     main.obj
 0007:000000e8       __AC5A7A9F_threadpoolapiset@h 00000001400310e8     main.obj
 0007:000000e9       __F5254B21_jobapi@h        00000001400310e9     main.obj
 0007:000000ea       __BCEA6EE8_jobapi2@h       00000001400310ea     main.obj
 0007:000000eb       __D18ACE72_wow64apiset@h   00000001400310eb     main.obj
 0007:000000ec       __669B0D4A_libloaderapi@h  00000001400310ec     main.obj
 0007:000000ed       __645F7034_securitybaseapi@h 00000001400310ed     main.obj
 0007:000000ee       __67E58557_namespaceapi@h  00000001400310ee     main.obj
 0007:000000ef       __599D9D3A_systemtopologyapi@h 00000001400310ef     main.obj
 0007:000000f0       __2337E373_processtopologyapi@h 00000001400310f0     main.obj
 0007:000000f1       __02BFF239_securityappcontainer@h 00000001400310f1     main.obj
 0007:000000f2       __9C196272_realtimeapiset@h 00000001400310f2     main.obj
 0007:000000f3       __5AB313A4_winerror@h      00000001400310f3     main.obj
 0007:000000f4       __B7E7187B_timezoneapi@h   00000001400310f4     main.obj
 0007:000000f5       __6DE9EB6F_winbase@h       00000001400310f5     main.obj
 0007:000000f6       __56B2AFF2_wingdi@h        00000001400310f6     main.obj
 0007:000000f7       __BA1161A9_tvout@h         00000001400310f7     main.obj
 0007:000000f8       __0501A018_winuser@h       00000001400310f8     main.obj
 0007:000000f9       __EF12FA99_datetimeapi@h   00000001400310f9     main.obj
 0007:000000fa       __8FA7C3CA_winnls@h        00000001400310fa     main.obj
 0007:000000fb       __390F0C47_stringapiset@h  00000001400310fb     main.obj
 0007:000000fc       __28605B0A_wincontypes@h   00000001400310fc     main.obj
 0007:000000fd       __BFBDE86D_consoleapi@h    00000001400310fd     main.obj
 0007:000000fe       __C3CAFBF0_consoleapi2@h   00000001400310fe     main.obj
 0007:000000ff       __C20891C7_consoleapi3@h   00000001400310ff     main.obj
 0007:00000100       __717C98B6_wincon@h        0000000140031100     main.obj
 0007:00000101       __2884C177_verrsrc@h       0000000140031101     main.obj
 0007:00000102       __A3FD3A34_winver@h        0000000140031102     main.obj
 0007:00000103       __6F8AD9F1_reason@h        0000000140031103     main.obj
 0007:00000104       __4C90FD6F_winreg@h        0000000140031104     main.obj
 0007:00000105       __68AFEBAD_wnnc@h          0000000140031105     main.obj
 0007:00000106       __5A7AB086_winnetwk@h      0000000140031106     main.obj
 0007:00000107       __859C3CD3_cderr@h         0000000140031107     main.obj
 0007:00000108       __81B12F1A_dde@h           0000000140031108     main.obj
 0007:00000109       __DD3AF97A_ddeml@h         0000000140031109     main.obj
 0007:0000010a       __E6B47715_dlgs@h          000000014003110a     main.obj
 0007:0000010b       __944BD57D_lzexpand@h      000000014003110b     main.obj
 0007:0000010c       __E4B2DFC7_mmsyscom@h      000000014003110c     main.obj
 0007:0000010d       __5287D88F_mciapi@h        000000014003110d     main.obj
 0007:0000010e       __DBDC1384_mmiscapi@h      000000014003110e     main.obj
 0007:0000010f       __1A78C0D7_mmiscapi2@h     000000014003110f     main.obj
 0007:00000110       __0D05975C_playsoundapi@h  0000000140031110     main.obj
 0007:00000111       __757A63A9_mmeapi@h        0000000140031111     main.obj
 0007:00000112       __6326AB05_timeapi@h       0000000140031112     main.obj
 0007:00000113       __77D483B2_joystickapi@h   0000000140031113     main.obj
 0007:00000114       __59CF7431_mmsystem@h      0000000140031114     main.obj
 0007:00000115       __CEAC417E_nb30@h          0000000140031115     main.obj
 0007:00000116       __3BA1A118_rpcdcep@h       0000000140031116     main.obj
 0007:00000117       __74064437_rpcdce@h        0000000140031117     main.obj
 0007:00000118       __90546602_rpcnsi@h        0000000140031118     main.obj
 0007:00000119       __83114A2C_rpcnterr@h      0000000140031119     main.obj
 0007:0000011a       __CA67519E_rpcasync@h      000000014003111a     main.obj
 0007:0000011b       __D8CEBCD8_rpc@h           000000014003111b     main.obj
 0007:0000011c       __9F43AC2D_shellapi@h      000000014003111c     main.obj
 0007:0000011d       __6C8D3703_winperf@h       000000014003111d     main.obj
 0007:0000011e       __AB40A29E_inaddr@h        000000014003111e     main.obj
 0007:0000011f       __40D4FEA5_winsock@h       000000014003111f     main.obj
 0007:00000120       __51394074_bcrypt@h        0000000140031120     main.obj
 0007:00000121       __F177C154_ncrypt@h        0000000140031121     main.obj
 0007:00000122       __1445529E_dpapi@h         0000000140031122     main.obj
 0007:00000123       __5743FB20_wincrypt@h      0000000140031123     main.obj
 0007:00000124       __97CA12BF_winefs@h        0000000140031124     main.obj
 0007:00000125       __6DF63719_rpcnsip@h       0000000140031125     main.obj
 0007:00000126       __031EFCA1_rpcsal@h        0000000140031126     main.obj
 0007:00000127       __BA08D1DA_rpcndr@h        0000000140031127     main.obj
 0007:00000128       __3A941F83_wtypesbase@h    0000000140031128     main.obj
 0007:00000129       __C244FEE1_wtypes@h        0000000140031129     main.obj
 0007:0000012a       __FB7C5F97_winioctl@h      000000014003112a     main.obj
 0007:0000012b       __4B65E4AC_winsmcrd@h      000000014003112b     main.obj
 0007:0000012c       __1EA80168_winscard@h      000000014003112c     main.obj
 0007:0000012d       __516FC0F9_prsht@h         000000014003112d     main.obj
 0007:0000012e       __88BA11C6_winspool@h      000000014003112e     main.obj
 0007:0000012f       __18DB4C56_unknwnbase@h    000000014003112f     main.obj
 0007:00000130       __1AE6FA1A_objidlbase@h    0000000140031130     main.obj
 0007:00000131       __7F98E437_cguid@h         0000000140031131     main.obj
 0007:00000132       __6B2DFB49_combaseapi@h    0000000140031132     main.obj
 0007:00000133       __CB0E8B37_unknwn@h        0000000140031133     main.obj
 0007:00000134       __D981EF0A_objidl@h        0000000140031134     main.obj
 0007:00000135       __37089EB8_oaidl@h         0000000140031135     main.obj
 0007:00000136       __CA2DDD8B_propidlbase@h   0000000140031136     main.obj
 0007:00000137       __39ED323E_coml2api@h      0000000140031137     main.obj
 0007:00000138       __78E82682_oleidl@h        0000000140031138     main.obj
 0007:00000139       __97883CFE_servprov@h      0000000140031139     main.obj
 0007:0000013a       __CE01DDB9_msxml@h         000000014003113a     main.obj
 0007:0000013b       __A4784895_urlmon@h        000000014003113b     main.obj
 0007:0000013c       __325F1C97_propidl@h       000000014003113c     main.obj
 0007:0000013d       __D3D43343_objbase@h       000000014003113d     main.obj
 0007:0000013e       __B3A2AF1B_oleauto@h       000000014003113e     main.obj
 0007:0000013f       __5722A8AA_ole2@h          000000014003113f     main.obj
 0007:00000140       __590A450A_commdlg@h       0000000140031140     main.obj
 0007:00000141       __2FE8A10C_stralign@h      0000000140031141     main.obj
 0007:00000142       __34558472_winsvc@h        0000000140031142     main.obj
 0007:00000143       __058845F1_mcx@h           0000000140031143     main.obj
 0007:00000144       __7F16006B_ime_cmodes@h    0000000140031144     main.obj
 0007:00000145       __0A3AF599_imm@h           0000000140031145     main.obj
 0007:00000146       __9349FE86_windows@h       0000000140031146     main.obj
 0007:00000147       __014098ED_psapi@h         0000000140031147     main.obj
 0007:00000148       __4F8BB4B4_xlocmon         0000000140031148     main.obj
 0007:00000149       __F32A5E92_xloctime        0000000140031149     main.obj
 0007:0000014a       __766CEE37_iomanip         000000014003114a     main.obj
 0007:0000014b       __F8FD3253_main@cpp        000000014003114b     main.obj
 0007:00000183       __20EC0691_concurrencysal@h 0000000140031183     assert.obj
 0007:00000184       __2AF076CB_sal@h           0000000140031184     assert.obj
 0007:00000185       __2CB4F1CA_vadefs@h        0000000140031185     assert.obj
 0007:00000186       __0F928D07_vcruntime@h     0000000140031186     assert.obj
 0007:00000187       __735960E1_corecrt@h       0000000140031187     assert.obj
 0007:00000188       __955456CD_stddef@h        0000000140031188     assert.obj
 0007:00000189       __54B99FAC_stdint@h        0000000140031189     assert.obj
 0007:0000018a       __99DF07F6_stdbool@h       000000014003118a     assert.obj
 0007:0000018b       __EACFB193_limits@h        000000014003118b     assert.obj
 0007:0000018c       __D738928E_id@h            000000014003118c     assert.obj
 0007:0000018d       __CE4130CC_macros@h        000000014003118d     assert.obj
 0007:0000018e       __1F8578AA_assert@h        000000014003118e     assert.obj
 0007:0000018f       __94100D4B_assert@c        000000014003118f     assert.obj
 0007:00000192       __9165C8C7_conf@h          0000000140031192     present.obj
 0007:00000193       __20EC0691_concurrencysal@h 0000000140031193     present.obj
 0007:00000194       __2AF076CB_sal@h           0000000140031194     present.obj
 0007:00000195       __2CB4F1CA_vadefs@h        0000000140031195     present.obj
 0007:00000196       __0F928D07_vcruntime@h     0000000140031196     present.obj
 0007:00000197       __735960E1_corecrt@h       0000000140031197     present.obj
 0007:00000198       __955456CD_stddef@h        0000000140031198     present.obj
 0007:00000199       __54B99FAC_stdint@h        0000000140031199     present.obj
 0007:0000019a       __99DF07F6_stdbool@h       000000014003119a     present.obj
 0007:0000019b       __EACFB193_limits@h        000000014003119b     present.obj
 0007:0000019c       __D738928E_id@h            000000014003119c     present.obj
 0007:0000019d       __CE4130CC_macros@h        000000014003119d     present.obj
 0007:0000019e       __F98987B6_present@h       000000014003119e     present.obj
 0007:0000019f       __13DE2371_errno@h         000000014003119f     present.obj
 0007:000001a0       __46C55758_vcruntime_string@h 00000001400311a0     present.obj
 0007:000001a1       __8ACB2152_corecrt_memcpy_s@h 00000001400311a1     present.obj
 0007:000001a2       __EA6C9D17_corecrt_memory@h 00000001400311a2     present.obj
 0007:000001a3       __0DF2AF52_corecrt_wstring@h 00000001400311a3     present.obj
 0007:000001a4       __6E889ECC_string@h        00000001400311a4     present.obj
 0007:000001a5       __1F8578AA_assert@h        00000001400311a5     present.obj
 0007:000001a6       __5A29C06E_present@c       00000001400311a6     present.obj
 0007:000001ab       __20EC0691_concurrencysal@h 00000001400311ab     simon.obj
 0007:000001ac       __2AF076CB_sal@h           00000001400311ac     simon.obj
 0007:000001ad       __2CB4F1CA_vadefs@h        00000001400311ad     simon.obj
 0007:000001ae       __0F928D07_vcruntime@h     00000001400311ae     simon.obj
 0007:000001af       __54B99FAC_stdint@h        00000001400311af     simon.obj
 0007:000001b0       __EACFB193_limits@h        00000001400311b0     simon.obj
 0007:000001b1       __735960E1_corecrt@h       00000001400311b1     simon.obj
 0007:000001b2       __211DB995_corecrt_malloc@h 00000001400311b2     simon.obj
 0007:000001b3       __955456CD_stddef@h        00000001400311b3     simon.obj
 0007:000001b4       __99AED4FB_corecrt_search@h 00000001400311b4     simon.obj
 0007:000001b5       __8B813BF6_corecrt_wstdlib@h 00000001400311b5     simon.obj
 0007:000001b6       __E8FB0A68_stdlib@h        00000001400311b6     simon.obj
 0007:000001b7       __13DE2371_errno@h         00000001400311b7     simon.obj
 0007:000001b8       __46C55758_vcruntime_string@h 00000001400311b8     simon.obj
 0007:000001b9       __8ACB2152_corecrt_memcpy_s@h 00000001400311b9     simon.obj
 0007:000001ba       __EA6C9D17_corecrt_memory@h 00000001400311ba     simon.obj
 0007:000001bb       __0DF2AF52_corecrt_wstring@h 00000001400311bb     simon.obj
 0007:000001bc       __6E889ECC_string@h        00000001400311bc     simon.obj
 0007:000001bd       __707727BD_cipher_constants@h 00000001400311bd     simon.obj
 0007:000001be       __21D2D9AF_simon@h         00000001400311be     simon.obj
 0007:000001bf       __B6000027_simon@c         00000001400311bf     simon.obj
 0007:000001c4       __20EC0691_concurrencysal@h 00000001400311c4     speck.obj
 0007:000001c5       __2AF076CB_sal@h           00000001400311c5     speck.obj
 0007:000001c6       __2CB4F1CA_vadefs@h        00000001400311c6     speck.obj
 0007:000001c7       __0F928D07_vcruntime@h     00000001400311c7     speck.obj
 0007:000001c8       __54B99FAC_stdint@h        00000001400311c8     speck.obj
 0007:000001c9       __EACFB193_limits@h        00000001400311c9     speck.obj
 0007:000001ca       __735960E1_corecrt@h       00000001400311ca     speck.obj
 0007:000001cb       __211DB995_corecrt_malloc@h 00000001400311cb     speck.obj
 0007:000001cc       __955456CD_stddef@h        00000001400311cc     speck.obj
 0007:000001cd       __99AED4FB_corecrt_search@h 00000001400311cd     speck.obj
 0007:000001ce       __8B813BF6_corecrt_wstdlib@h 00000001400311ce     speck.obj
 0007:000001cf       __E8FB0A68_stdlib@h        00000001400311cf     speck.obj
 0007:000001d0       __13DE2371_errno@h         00000001400311d0     speck.obj
 0007:000001d1       __46C55758_vcruntime_string@h 00000001400311d1     speck.obj
 0007:000001d2       __8ACB2152_corecrt_memcpy_s@h 00000001400311d2     speck.obj
 0007:000001d3       __EA6C9D17_corecrt_memory@h 00000001400311d3     speck.obj
 0007:000001d4       __0DF2AF52_corecrt_wstring@h 00000001400311d4     speck.obj
 0007:000001d5       __6E889ECC_string@h        00000001400311d5     speck.obj
 0007:000001d6       __707727BD_cipher_constants@h 00000001400311d6     speck.obj
 0007:000001d7       __7966BC6E_speck@h         00000001400311d7     speck.obj
 0007:000001d8       __EEB465E6_speck@c         00000001400311d8     speck.obj
 0007:000001dd       __20EC0691_concurrencysal@h 00000001400311dd     aes.obj
 0007:000001de       __2AF076CB_sal@h           00000001400311de     aes.obj
 0007:000001df       __2CB4F1CA_vadefs@h        00000001400311df     aes.obj
 0007:000001e0       __0F928D07_vcruntime@h     00000001400311e0     aes.obj
 0007:000001e1       __735960E1_corecrt@h       00000001400311e1     aes.obj
 0007:000001e2       __13DE2371_errno@h         00000001400311e2     aes.obj
 0007:000001e3       __46C55758_vcruntime_string@h 00000001400311e3     aes.obj
 0007:000001e4       __8ACB2152_corecrt_memcpy_s@h 00000001400311e4     aes.obj
 0007:000001e5       __EA6C9D17_corecrt_memory@h 00000001400311e5     aes.obj
 0007:000001e6       __0DF2AF52_corecrt_wstring@h 00000001400311e6     aes.obj
 0007:000001e7       __6E889ECC_string@h        00000001400311e7     aes.obj
 0007:000001e8       __54B99FAC_stdint@h        00000001400311e8     aes.obj
 0007:000001e9       __955456CD_stddef@h        00000001400311e9     aes.obj
 0007:000001ea       __40EE7DFE_aes@h           00000001400311ea     aes.obj
 0007:000001eb       __D73CA476_aes@c           00000001400311eb     aes.obj
 0009:00000170       $R000000                   0000000140033170     * linker generated manifest res *
